Archive member included to satisfy reference by file (symbol)

/opt/devkitpro/libctru/lib/libctru.a(gfx.o)
                              main.o (gfxInitDefault)
/opt/devkitpro/libctru/lib/libctru.a(apt.o)
                              main.o (aptMainLoop)
/opt/devkitpro/libctru/lib/libctru.a(gspgpu.o)
                              /opt/devkitpro/libctru/lib/libctru.a(gfx.o) (gspInit)
/opt/devkitpro/libctru/lib/libctru.a(hid.o)
                              main.o (hidScanInput)
/opt/devkitpro/libctru/lib/libctru.a(irrst.o)
                              /opt/devkitpro/libctru/lib/libctru.a(hid.o) (irrstInit)
/opt/devkitpro/libctru/lib/libctru.a(ctru_init.o)
                              /opt/devkitpro/libctru/lib/libctru.a(apt.o) (__system_retAddr)
/opt/devkitpro/libctru/lib/libctru.a(initArgv.o)
                              /opt/devkitpro/libctru/lib/libctru.a(ctru_init.o) (__system_initArgv)
/opt/devkitpro/libctru/lib/libctru.a(syscalls.o)
                              /opt/devkitpro/libctru/lib/libctru.a(ctru_init.o) (__system_initSyscalls)
/opt/devkitpro/libctru/lib/libctru.a(svc.o)
                              /opt/devkitpro/libctru/lib/libctru.a(apt.o) (svcSleepThread)
/opt/devkitpro/libctru/lib/libctru.a(stack_adjust.o)
                              /opt/devkitpro/devkitARM/lib/gcc/arm-none-eabi/15.2.0/../../../../arm-none-eabi/lib/armv6k/fpu/3dsx_crt0.o (initSystem)
/opt/devkitpro/libctru/lib/libctru.a(linear.o)
                              /opt/devkitpro/libctru/lib/libctru.a(gfx.o) (linearAlloc)
/opt/devkitpro/libctru/lib/libctru.a(mem_pool.o)
                              /opt/devkitpro/libctru/lib/libctru.a(linear.o) (_ZN7MemPool8AllocateER8MemChunkmi)
/opt/devkitpro/libctru/lib/libctru.a(vram.o)
                              /opt/devkitpro/libctru/lib/libctru.a(gfx.o) (vramAlloc)
/opt/devkitpro/libctru/lib/libctru.a(3dslink.o)
                              /opt/devkitpro/libctru/lib/libctru.a(initArgv.o) (__3dslink_host)
/opt/devkitpro/libctru/lib/libctru.a(env.o)
                              /opt/devkitpro/libctru/lib/libctru.a(irrst.o) (envGetHandle)
/opt/devkitpro/libctru/lib/libctru.a(os.o)
                              /opt/devkitpro/libctru/lib/libctru.a(syscalls.o) (osGetTime)
/opt/devkitpro/libctru/lib/libctru.a(srv.o)
                              /opt/devkitpro/libctru/lib/libctru.a(apt.o) (srvInit)
/opt/devkitpro/libctru/lib/libctru.a(synchronization.o)
                              /opt/devkitpro/libctru/lib/libctru.a(ctru_init.o) (__sync_init)
/opt/devkitpro/libctru/lib/libctru.a(thread.o)
                              /opt/devkitpro/libctru/lib/libctru.a(apt.o) (threadCreate)
/opt/devkitpro/libctru/lib/libctru.a(mappable.o)
                              /opt/devkitpro/libctru/lib/libctru.a(apt.o) (mappableAlloc)
/opt/devkitpro/libctru/lib/libctru.a(ptmsysm.o)
                              /opt/devkitpro/libctru/lib/libctru.a(os.o) (ptmSysmInit)
/opt/devkitpro/libctru/lib/libctru.a(srvpm.o)
                              /opt/devkitpro/libctru/lib/libctru.a(srv.o) (srvPmGetSessionHandle)
/opt/devkitpro/libctru/lib/libctru.a(soc_connect.o)
                              /opt/devkitpro/libctru/lib/libctru.a(3dslink.o) (connect)
/opt/devkitpro/libctru/lib/libctru.a(soc_socket.o)
                              /opt/devkitpro/libctru/lib/libctru.a(3dslink.o) (socket)
/opt/devkitpro/libctru/lib/libctru.a(rbtree_find.o)
                              /opt/devkitpro/libctru/lib/libctru.a(linear.o) (rbtree_find)
/opt/devkitpro/libctru/lib/libctru.a(rbtree_init.o)
                              /opt/devkitpro/libctru/lib/libctru.a(linear.o) (rbtree_init)
/opt/devkitpro/libctru/lib/libctru.a(rbtree_insert.o)
                              /opt/devkitpro/libctru/lib/libctru.a(linear.o) (rbtree_insert)
/opt/devkitpro/libctru/lib/libctru.a(rbtree_remove.o)
                              /opt/devkitpro/libctru/lib/libctru.a(linear.o) (rbtree_remove)
/opt/devkitpro/libctru/lib/libctru.a(rbtree_rotate.o)
                              /opt/devkitpro/libctru/lib/libctru.a(rbtree_insert.o) (rbtree_rotate)
/opt/devkitpro/libctru/lib/libctru.a(allocateHeaps.o)
                              /opt/devkitpro/libctru/lib/libctru.a(ctru_init.o) (__system_allocateHeaps)
/opt/devkitpro/libctru/lib/libctru.a(appExit.o)
                              /opt/devkitpro/libctru/lib/libctru.a(stack_adjust.o) (__appExit)
/opt/devkitpro/libctru/lib/libctru.a(appInit.o)
                              /opt/devkitpro/libctru/lib/libctru.a(stack_adjust.o) (__appInit)
/opt/devkitpro/libctru/lib/libctru.a(ctru_exit.o)
                              /opt/devkitpro/libctru/lib/libctru.a(stack_adjust.o) (__libctru_exit)
/opt/devkitpro/libctru/lib/libctru.a(archive_dev.o)
                              /opt/devkitpro/libctru/lib/libctru.a(appInit.o) (archiveMountSdmc)
/opt/devkitpro/libctru/lib/libctru.a(path_buf.o)
                              /opt/devkitpro/libctru/lib/libctru.a(archive_dev.o) (__ctru_dev_utf16_buf)
[...]
Memory Configuration

Name             Origin             Length             Attributes
*default*        0x00000000         0xffffffff

Linker script and memory map

                0x00000000                        __sync_synchronize = __sync_synchronize_dmb
                0x00100000                        PROVIDE (__start__ = 0x100000)
                0x00100000                        . = __start__

.text           0x00100000    0x16dc8
 *(.crt0)
 .crt0          0x00100000       0x94 /opt/devkitpro/devkitARM/lib/gcc/arm-none-eabi/15.2.0/../../../../arm-none-eabi/lib/armv6k/fpu/3dsx_crt0.o
                0x00100000                _start
                0x00100008                __service_ptr
                0x0010000c                __apt_appid
                0x00100010                __heap_size
                0x00100014                __linear_heap_size
                0x00100018                __system_arglist
                0x0010001c                __system_runflags
 *(.init)
 .init          0x00100094        0xc /opt/devkitpro/devkitARM/lib/gcc/arm-none-eabi/15.2.0/armv6k/fpu/crti.o
                0x00100094                _init
 .init          0x001000a0        0xc /opt/devkitpro/devkitARM/lib/gcc/arm-none-eabi/15.2.0/armv6k/fpu/crtn.o
                0x001000ac                        . = ALIGN (0x4)
 *(.text)
 .text          0x001000ac       0xd4 /opt/devkitpro/devkitARM/lib/gcc/arm-none-eabi/15.2.0/armv6k/fpu/libgcc.a(_aeabi_ldivmod.o)
                0x001000ac                __aeabi_ldivmod
 .text          0x00100180       0x3c /opt/devkitpro/devkitARM/lib/gcc/arm-none-eabi/15.2.0/armv6k/fpu/libgcc.a(_aeabi_uldivmod.o)
                0x00100180                __aeabi_uldivmod
 .text          0x001001bc        0x4 /opt/devkitpro/devkitARM/lib/gcc/arm-none-eabi/15.2.0/armv6k/fpu/libgcc.a(_dvmd_tls.o)
                0x001001bc                __aeabi_ldiv0
                0x001001bc                __aeabi_idiv0
 .text          0x001001c0      0x390 /opt/devkitpro/devkitARM/lib/gcc/arm-none-eabi/15.2.0/../../../../arm-none-eabi/lib/armv6k/fpu/libg.a(libc_a-strcmp.o)
                0x001001c8                strcmp
 .text          0x00100550      0x20c /opt/devkitpro/devkitARM/lib/gcc/arm-none-eabi/15.2.0/armv6k/fpu/libgcc.a(_udivsi3.o)
                0x00100550                __udivsi3
                0x00100550                __aeabi_uidiv
                0x0010073c                __aeabi_uidivmod
 .text          0x0010075c      0x240 /opt/devkitpro/devkitARM/lib/gcc/arm-none-eabi/15.2.0/armv6k/fpu/libgcc.a(_divsi3.o)
                0x0010075c                __aeabi_idiv
                0x0010075c                __divsi3
                0x0010097c                __aeabi_idivmod
 *(.text.*)
 .text.__do_global_dtors_aux
                0x0010099c       0x50 /opt/devkitpro/devkitARM/lib/gcc/arm-none-eabi/15.2.0/armv6k/fpu/crtbegin.o
 .text.frame_dummy
                0x001009ec       0x2c /opt/devkitpro/devkitARM/lib/gcc/arm-none-eabi/15.2.0/armv6k/fpu/crtbegin.o
 .text.drawToBottomFB
                0x00100a18       0x50 main.o
                0x00100a18                drawToBottomFB
 .text.drawChar
                0x00100a68      0x144 main.o
                0x00100a68                drawChar
 .text.startup.main
                0x00100bac      0x6a0 main.o
                0x00100bac                main
 .text.gfxPresentFramebuffer
                0x0010124c       0xcc /opt/devkitpro/libctru/lib/libctru.a(gfx.o)
 .text.gfxSetScreenFormat
                0x00101318       0xf8 /opt/devkitpro/libctru/lib/libctru.a(gfx.o)
                0x00101318                gfxSetScreenFormat
 .text.gfxInit  0x00101410       0xd8 /opt/devkitpro/libctru/lib/libctru.a(gfx.o)
                0x00101410                gfxInit
 .text.gfxInitDefault
                0x001014e8       0x10 /opt/devkitpro/libctru/lib/libctru.a(gfx.o)
                0x001014e8                gfxInitDefault
 .text.gfxExit  0x001014f8       0xb8 /opt/devkitpro/libctru/lib/libctru.a(gfx.o)
                0x001014f8                gfxExit
 .text.gfxGetFramebuffer
                0x001015b0       0xa0 /opt/devkitpro/libctru/lib/libctru.a(gfx.o)
                0x001015b0                gfxGetFramebuffer
 .text.gfxFlushBuffers
                0x00101650      0x100 /opt/devkitpro/libctru/lib/libctru.a(gfx.o)
                0x00101650                gfxFlushBuffers
 .text.gfxSwapBuffers
                0x00101750       0x50 /opt/devkitpro/libctru/lib/libctru.a(gfx.o)
                0x00101750                gfxSwapBuffers
 .text.aptConvertScreenForCapture
                0x001017a0      0x180 /opt/devkitpro/libctru/lib/libctru.a(apt.o)
 .text.aptDspSleep
                0x00101920        0x8 /opt/devkitpro/libctru/lib/libctru.a(apt.o)
                0x00101920                aptDspSleep
 .text.aptDspWakeup
                0x00101928        0x4 /opt/devkitpro/libctru/lib/libctru.a(apt.o)
                0x00101928                aptDspWakeup
 .text.aptDspCancel
                0x0010192c        0x4 /opt/devkitpro/libctru/lib/libctru.a(apt.o)
                0x0010192c                aptDspCancel
 .text.aptSendCommand
                0x00101930      0x138 /opt/devkitpro/libctru/lib/libctru.a(apt.o)
                0x00101930                aptSendCommand
 .text.aptExitProcess
                0x00101a68       0x44 /opt/devkitpro/libctru/lib/libctru.a(apt.o)
 .text.aptExit  0x00101aac      0x394 /opt/devkitpro/libctru/lib/libctru.a(apt.o)
                0x00101aac                aptExit
 .text.aptHandleSleep
                0x00101e40       0xd8 /opt/devkitpro/libctru/lib/libctru.a(apt.o)
                0x00101e40                aptHandleSleep
 .text.APT_SleepIfShellClosed
                0x00101f18       0x84 /opt/devkitpro/libctru/lib/libctru.a(apt.o)
                0x00101f18                APT_SleepIfShellClosed
 .text.aptSetSleepAllowed
                0x00101f9c       0x78 /opt/devkitpro/libctru/lib/libctru.a(apt.o)
                0x00101f9c                aptSetSleepAllowed
 .text.APT_UnlockTransition
                0x00102014       0x84 /opt/devkitpro/libctru/lib/libctru.a(apt.o)
                0x00102014                APT_UnlockTransition
 .text.aptEventHandler
                0x00102098      0x470 /opt/devkitpro/libctru/lib/libctru.a(apt.o)
 .text.APT_ReceiveParameter
                0x00102508       0xbc /opt/devkitpro/libctru/lib/libctru.a(apt.o)
                0x00102508                APT_ReceiveParameter
 .text.aptReceiveParameter.constprop.0
                0x001025c4       0xb0 /opt/devkitpro/libctru/lib/libctru.a(apt.o)
 *fill*         0x00102674        0x4 
 .text.aptScreenTransfer
                0x00102678      0x294 /opt/devkitpro/libctru/lib/libctru.a(apt.o)
 .text.aptWaitForWakeUp.isra.0
                0x0010290c      0x2d0 /opt/devkitpro/libctru/lib/libctru.a(apt.o)
 .text.aptJumpToHomeMenu
                0x00102bdc       0xf4 /opt/devkitpro/libctru/lib/libctru.a(apt.o)
                0x00102bdc                aptJumpToHomeMenu
 .text.aptMainLoop
                0x00102cd0       0x58 /opt/devkitpro/libctru/lib/libctru.a(apt.o)
                0x00102cd0                aptMainLoop
 .text.aptInit  0x00102d28      0x240 /opt/devkitpro/libctru/lib/libctru.a(apt.o)
                0x00102d28                aptInit
 .text.APT_CheckNew3DS
                0x00102f68       0x90 /opt/devkitpro/libctru/lib/libctru.a(apt.o)
                0x00102f68                APT_CheckNew3DS
 .text.gspHardwareInit
                0x00102ff8      0xc70 /opt/devkitpro/libctru/lib/libctru.a(gspgpu.o)
 .text.gspInit  0x00103c68      0x288 /opt/devkitpro/libctru/lib/libctru.a(gspgpu.o)
                0x00103c68                gspInit
 .text.gspExit  0x00103ef0      0x104 /opt/devkitpro/libctru/lib/libctru.a(gspgpu.o)
                0x00103ef0                gspExit
 .text.gspHasGpuRight
                0x00103ff4       0x10 /opt/devkitpro/libctru/lib/libctru.a(gspgpu.o)
                0x00103ff4                gspHasGpuRight
 .text.gspPresentBuffer
                0x00104004       0xa4 /opt/devkitpro/libctru/lib/libctru.a(gspgpu.o)
                0x00104004                gspPresentBuffer
 .text.gspWaitForEvent
                0x001040a8       0x50 /opt/devkitpro/libctru/lib/libctru.a(gspgpu.o)
                0x001040a8                gspWaitForEvent
 .text.gxCmdQueueInterrupt
                0x001040f8        0x4 /opt/devkitpro/libctru/lib/libctru.a(gspgpu.o)
                0x001040f8                gxCmdQueueInterrupt
 .text.gspEventThreadMain
                0x001040fc      0x154 /opt/devkitpro/libctru/lib/libctru.a(gspgpu.o)
 .text.GSPGPU_FlushDataCache
                0x00104250       0x50 /opt/devkitpro/libctru/lib/libctru.a(gspgpu.o)
                0x00104250                GSPGPU_FlushDataCache
 .text.GSPGPU_SetLcdForceBlack
                0x001042a0       0x34 /opt/devkitpro/libctru/lib/libctru.a(gspgpu.o)
                0x001042a0                GSPGPU_SetLcdForceBlack
 .text.GSPGPU_AcquireRight
                0x001042d4       0x84 /opt/devkitpro/libctru/lib/libctru.a(gspgpu.o)
                0x001042d4                GSPGPU_AcquireRight
 .text.GSPGPU_ReleaseRight
                0x00104358       0x64 /opt/devkitpro/libctru/lib/libctru.a(gspgpu.o)
                0x00104358                GSPGPU_ReleaseRight
 .text.GSPGPU_ImportDisplayCaptureInfo
                0x001043bc       0x7c /opt/devkitpro/libctru/lib/libctru.a(gspgpu.o)
                0x001043bc                GSPGPU_ImportDisplayCaptureInfo
 .text.GSPGPU_SaveVramSysArea
                0x00104438       0x2c /opt/devkitpro/libctru/lib/libctru.a(gspgpu.o)
                0x00104438                GSPGPU_SaveVramSysArea
 .text.GSPGPU_RestoreVramSysArea
                0x00104464       0x2c /opt/devkitpro/libctru/lib/libctru.a(gspgpu.o)
                0x00104464                GSPGPU_RestoreVramSysArea
 .text.hidShouldUseIrrst
                0x00104490       0x24 /opt/devkitpro/libctru/lib/libctru.a(hid.o)
                0x00104490                hidShouldUseIrrst
 .text.hidInit  0x001044b4      0x1cc /opt/devkitpro/libctru/lib/libctru.a(hid.o)
                0x001044b4                hidInit
 .text.hidExit  0x00104680       0xe8 /opt/devkitpro/libctru/lib/libctru.a(hid.o)
                0x00104680                hidExit
 .text.hidScanInput
                0x00104768      0x2a0 /opt/devkitpro/libctru/lib/libctru.a(hid.o)
                0x00104768                hidScanInput
 .text.hidKeysHeld
                0x00104a08       0x10 /opt/devkitpro/libctru/lib/libctru.a(hid.o)
                0x00104a08                hidKeysHeld
 .text.hidKeysDown
                0x00104a18       0x10 /opt/devkitpro/libctru/lib/libctru.a(hid.o)
                0x00104a18                hidKeysDown
 .text.hidCircleRead
                0x00104a28       0x18 /opt/devkitpro/libctru/lib/libctru.a(hid.o)
                0x00104a28                hidCircleRead
 .text.irrstInit
                0x00104a40      0x1a4 /opt/devkitpro/libctru/lib/libctru.a(irrst.o)
                0x00104a40                irrstInit
 .text.irrstExit
                0x00104be4       0xdc /opt/devkitpro/libctru/lib/libctru.a(irrst.o)
                0x00104be4                irrstExit
 .text.irrstScanInput
                0x00104cc0       0xb4 /opt/devkitpro/libctru/lib/libctru.a(irrst.o)
                0x00104cc0                irrstScanInput
 .text.irrstKeysHeld
                0x00104d74       0x24 /opt/devkitpro/libctru/lib/libctru.a(irrst.o)
                0x00104d74                irrstKeysHeld
 .text.__libctru_init
                0x00104d98       0x38 /opt/devkitpro/libctru/lib/libctru.a(ctru_init.o)
                0x00104d98                __libctru_init
 .text.__system_initArgv
                0x00104dd0      0x16c /opt/devkitpro/libctru/lib/libctru.a(initArgv.o)
                0x00104dd0                __system_initArgv
 .text.__syscall_getreent
                0x00104f3c       0x30 /opt/devkitpro/libctru/lib/libctru.a(syscalls.o)
                0x00104f3c                __syscall_getreent
 .text.__syscall_gettod_r
                0x00104f6c       0x64 /opt/devkitpro/libctru/lib/libctru.a(syscalls.o)
                0x00104f6c                __syscall_gettod_r
 .text.__syscall_lock_acquire
                0x00104fd0        0x4 /opt/devkitpro/libctru/lib/libctru.a(syscalls.o)
                0x00104fd0                __syscall_lock_acquire
 .text.__syscall_lock_release
                0x00104fd4        0x4 /opt/devkitpro/libctru/lib/libctru.a(syscalls.o)
                0x00104fd4                __syscall_lock_release
 .text.__syscall_lock_acquire_recursive
                0x00104fd8        0x4 /opt/devkitpro/libctru/lib/libctru.a(syscalls.o)
                0x00104fd8                __syscall_lock_acquire_recursive
 .text.__syscall_lock_release_recursive
                0x00104fdc        0x4 /opt/devkitpro/libctru/lib/libctru.a(syscalls.o)
                0x00104fdc                __syscall_lock_release_recursive
 .text.__syscall_exit
                0x00104fe0        0x4 /opt/devkitpro/libctru/lib/libctru.a(syscalls.o)
                0x00104fe0                __syscall_exit
 .text.initThreadVars
                0x00104fe4       0x54 /opt/devkitpro/libctru/lib/libctru.a(syscalls.o)
                0x00104fe4                initThreadVars
 .text.__system_initSyscalls
                0x00105038       0x80 /opt/devkitpro/libctru/lib/libctru.a(syscalls.o)
                0x00105038                __system_initSyscalls
 .text.svcControlMemory
                0x001050b8       0x20 /opt/devkitpro/libctru/lib/libctru.a(svc.o)
                0x001050b8                svcControlMemory
 .text.svcQueryMemory
                0x001050d8       0x30 /opt/devkitpro/libctru/lib/libctru.a(svc.o)
                0x001050d8                svcQueryMemory
 .text.svcExitProcess
                0x00105108        0x8 /opt/devkitpro/libctru/lib/libctru.a(svc.o)
                0x00105108                svcExitProcess
 .text.svcCreateThread
                0x00105110       0x20 /opt/devkitpro/libctru/lib/libctru.a(svc.o)
                0x00105110                svcCreateThread
 .text.svcExitThread
                0x00105130        0x8 /opt/devkitpro/libctru/lib/libctru.a(svc.o)
                0x00105130                svcExitThread
 .text.svcSleepThread
                0x00105138        0x8 /opt/devkitpro/libctru/lib/libctru.a(svc.o)
                0x00105138                svcSleepThread
 .text.svcReleaseMutex
                0x00105140        0x8 /opt/devkitpro/libctru/lib/libctru.a(svc.o)
                0x00105140                svcReleaseMutex
 .text.svcCreateEvent
                0x00105148       0x14 /opt/devkitpro/libctru/lib/libctru.a(svc.o)
                0x00105148                svcCreateEvent
 .text.svcSignalEvent
                0x0010515c        0x8 /opt/devkitpro/libctru/lib/libctru.a(svc.o)
                0x0010515c                svcSignalEvent
 .text.svcClearEvent
                0x00105164        0x8 /opt/devkitpro/libctru/lib/libctru.a(svc.o)
                0x00105164                svcClearEvent
 .text.svcMapMemoryBlock
                0x0010516c        0x8 /opt/devkitpro/libctru/lib/libctru.a(svc.o)
                0x0010516c                svcMapMemoryBlock
 .text.svcUnmapMemoryBlock
                0x00105174        0x8 /opt/devkitpro/libctru/lib/libctru.a(svc.o)
                0x00105174                svcUnmapMemoryBlock
 .text.svcCreateAddressArbiter
                0x0010517c       0x14 /opt/devkitpro/libctru/lib/libctru.a(svc.o)
                0x0010517c                svcCreateAddressArbiter
 .text.svcArbitrateAddressNoTimeout
                0x00105190        0x8 /opt/devkitpro/libctru/lib/libctru.a(svc.o)
                0x00105190                svcArbitrateAddressNoTimeout
 .text.svcCloseHandle
                0x00105198        0x8 /opt/devkitpro/libctru/lib/libctru.a(svc.o)
                0x00105198                svcCloseHandle
 .text.svcWaitSynchronization
                0x001051a0        0x8 /opt/devkitpro/libctru/lib/libctru.a(svc.o)
                0x001051a0                svcWaitSynchronization
 .text.svcWaitSynchronizationN
                0x001051a8       0x28 /opt/devkitpro/libctru/lib/libctru.a(svc.o)
                0x001051a8                svcWaitSynchronizationN
 .text.svcDuplicateHandle
                0x001051d0       0x14 /opt/devkitpro/libctru/lib/libctru.a(svc.o)
                0x001051d0                svcDuplicateHandle
 .text.svcGetSystemTick
                0x001051e4        0x8 /opt/devkitpro/libctru/lib/libctru.a(svc.o)
                0x001051e4                svcGetSystemTick
 .text.svcConnectToPort
                0x001051ec       0x14 /opt/devkitpro/libctru/lib/libctru.a(svc.o)
                0x001051ec                svcConnectToPort
 .text.svcSendSyncRequest
                0x00105200        0x8 /opt/devkitpro/libctru/lib/libctru.a(svc.o)
                0x00105200                svcSendSyncRequest
 .text.svcGetResourceLimit
                0x00105208       0x14 /opt/devkitpro/libctru/lib/libctru.a(svc.o)
                0x00105208                svcGetResourceLimit
 .text.svcGetResourceLimitLimitValues
                0x0010521c        0x8 /opt/devkitpro/libctru/lib/libctru.a(svc.o)
                0x0010521c                svcGetResourceLimitLimitValues
 .text.svcGetResourceLimitCurrentValues
                0x00105224        0x8 /opt/devkitpro/libctru/lib/libctru.a(svc.o)
                0x00105224                svcGetResourceLimitCurrentValues
 .text.svcBreak
                0x0010522c        0x8 /opt/devkitpro/libctru/lib/libctru.a(svc.o)
                0x0010522c                svcBreak
 .text.initSystem
                0x00105234       0x50 /opt/devkitpro/libctru/lib/libctru.a(stack_adjust.o)
                0x00105234                initSystem
 .text.__ctru_exit
                0x00105284       0x14 /opt/devkitpro/libctru/lib/libctru.a(stack_adjust.o)
                0x00105284                __ctru_exit
 .text._ZL21addrMapNodeComparatorPK11rbtree_nodeS1_
                0x00105298       0x24 /opt/devkitpro/libctru/lib/libctru.a(linear.o)
 .text._ZL21addrMapNodeDestructorP11rbtree_node
                0x001052bc        0x4 /opt/devkitpro/libctru/lib/libctru.a(linear.o)
 .text.linearMemAlign
                0x001052c0      0x12c /opt/devkitpro/libctru/lib/libctru.a(linear.o)
                0x001052c0                linearMemAlign
 .text.linearAlloc
                0x001053ec        0x8 /opt/devkitpro/libctru/lib/libctru.a(linear.o)
                0x001053ec                linearAlloc
 .text.linearFree
                0x001053f4       0x5c /opt/devkitpro/libctru/lib/libctru.a(linear.o)
                0x001053f4                linearFree
 .text._ZN7MemPool13CoalesceRightEP8MemBlock
                0x00105450       0x88 /opt/devkitpro/libctru/lib/libctru.a(mem_pool.o)
                0x00105450                _ZN7MemPool13CoalesceRightEP8MemBlock
 .text._ZN7MemPool8AllocateER8MemChunkmi
                0x001054d8      0x178 /opt/devkitpro/libctru/lib/libctru.a(mem_pool.o)
                0x001054d8                _ZN7MemPool8AllocateER8MemChunkmi
 .text._ZN7MemPool10DeallocateERK8MemChunk
                0x00105650      0x118 /opt/devkitpro/libctru/lib/libctru.a(mem_pool.o)
                0x00105650                _ZN7MemPool10DeallocateERK8MemChunk
 .text._ZN7MemPool12GetFreeSpaceEv
                0x00105768       0x30 /opt/devkitpro/libctru/lib/libctru.a(mem_pool.o)
                0x00105768                _ZN7MemPool12GetFreeSpaceEv
 .text._ZL21addrMapNodeComparatorPK11rbtree_nodeS1_
                0x00105798       0x24 /opt/devkitpro/libctru/lib/libctru.a(vram.o)
 .text._ZL21addrMapNodeDestructorP11rbtree_node
                0x001057bc        0x4 /opt/devkitpro/libctru/lib/libctru.a(vram.o)
 .text.vramMemAlignAt
                0x001057c0      0x248 /opt/devkitpro/libctru/lib/libctru.a(vram.o)
                0x001057c0                vramMemAlignAt
 .text.vramAlloc
                0x00105a08        0xc /opt/devkitpro/libctru/lib/libctru.a(vram.o)
                0x00105a08                vramAlloc
 .text.vramFree
                0x00105a14       0x94 /opt/devkitpro/libctru/lib/libctru.a(vram.o)
                0x00105a14                vramFree
 .text.envGetHandle
                0x00105aa8       0x8c /opt/devkitpro/libctru/lib/libctru.a(env.o)
                0x00105aa8                envGetHandle
 .text.envDestroyHandles
                0x00105b34       0x50 /opt/devkitpro/libctru/lib/libctru.a(env.o)
                0x00105b34                envDestroyHandles
 .text.osGetTimeRef
                0x00105b84       0x54 /opt/devkitpro/libctru/lib/libctru.a(os.o)
                0x00105b84                osGetTimeRef
 .text.osGetTime
                0x00105bd8       0xec /opt/devkitpro/libctru/lib/libctru.a(os.o)
                0x00105bd8                osGetTime
 .text.__ctru_speedup_config
                0x00105cc4       0x34 /opt/devkitpro/libctru/lib/libctru.a(os.o)
                0x00105cc4                __ctru_speedup_config
 .text.srvInit  0x00105cf8      0x164 /opt/devkitpro/libctru/lib/libctru.a(srv.o)
                0x00105cf8                srvInit
 .text.srvExit  0x00105e5c       0x64 /opt/devkitpro/libctru/lib/libctru.a(srv.o)
                0x00105e5c                srvExit
 .text.srvEnableNotification
                0x00105ec0       0x60 /opt/devkitpro/libctru/lib/libctru.a(srv.o)
                0x00105ec0                srvEnableNotification
 .text.srvGetServiceHandleDirect
                0x00105f20       0xa0 /opt/devkitpro/libctru/lib/libctru.a(srv.o)
                0x00105f20                srvGetServiceHandleDirect
 .text.srvGetServiceHandle
                0x00105fc0       0x48 /opt/devkitpro/libctru/lib/libctru.a(srv.o)
                0x00105fc0                srvGetServiceHandle
 .text.srvSubscribe
                0x00106008       0x34 /opt/devkitpro/libctru/lib/libctru.a(srv.o)
                0x00106008                srvSubscribe
 .text.srvReceiveNotification
                0x0010603c       0x60 /opt/devkitpro/libctru/lib/libctru.a(srv.o)
                0x0010603c                srvReceiveNotification
 .text.srvPublishToSubscriber
                0x0010609c       0x38 /opt/devkitpro/libctru/lib/libctru.a(srv.o)
                0x0010609c                srvPublishToSubscriber
 .text.__sync_init
                0x001060d4        0xc /opt/devkitpro/libctru/lib/libctru.a(synchronization.o)
                0x001060d4                __sync_init
 .text.__sync_fini
                0x001060e0       0x18 /opt/devkitpro/libctru/lib/libctru.a(synchronization.o)
                0x001060e0                __sync_fini
 .text.syncArbitrateAddress
                0x001060f8       0x28 /opt/devkitpro/libctru/lib/libctru.a(synchronization.o)
                0x001060f8                syncArbitrateAddress
 .text.LightLock_Lock
                0x00106120       0xac /opt/devkitpro/libctru/lib/libctru.a(synchronization.o)
                0x00106120                LightLock_Lock
 .text.LightLock_Unlock
                0x001061cc       0x40 /opt/devkitpro/libctru/lib/libctru.a(synchronization.o)
                0x001061cc                LightLock_Unlock
 .text.RecursiveLock_Lock
                0x0010620c       0x54 /opt/devkitpro/libctru/lib/libctru.a(synchronization.o)
                0x0010620c                RecursiveLock_Lock
 .text.RecursiveLock_Unlock
                0x00106260       0x54 /opt/devkitpro/libctru/lib/libctru.a(synchronization.o)
                0x00106260                RecursiveLock_Unlock
 .text.LightEvent_Init
                0x001062b4       0x44 /opt/devkitpro/libctru/lib/libctru.a(synchronization.o)
                0x001062b4                LightEvent_Init
 .text.LightEvent_Clear
                0x001062f8       0xb8 /opt/devkitpro/libctru/lib/libctru.a(synchronization.o)
                0x001062f8                LightEvent_Clear
 .text.LightEvent_Signal
                0x001063b0       0xdc /opt/devkitpro/libctru/lib/libctru.a(synchronization.o)
                0x001063b0                LightEvent_Signal
 .text.LightEvent_TryWait
                0x0010648c       0x50 /opt/devkitpro/libctru/lib/libctru.a(synchronization.o)
                0x0010648c                LightEvent_TryWait
 .text.LightEvent_Wait
                0x001064dc       0xac /opt/devkitpro/libctru/lib/libctru.a(synchronization.o)
                0x001064dc                LightEvent_Wait
 .text.threadCreate
                0x00106588      0x1fc /opt/devkitpro/libctru/lib/libctru.a(thread.o)
                0x00106588                threadCreate
 .text.threadFree
                0x00106784       0x38 /opt/devkitpro/libctru/lib/libctru.a(thread.o)
                0x00106784                threadFree
 .text.threadJoin
                0x001067bc       0x24 /opt/devkitpro/libctru/lib/libctru.a(thread.o)
                0x001067bc                threadJoin
 .text.threadGetCurrent
                0x001067e0       0x30 /opt/devkitpro/libctru/lib/libctru.a(thread.o)
                0x001067e0                threadGetCurrent
 .text.threadExit
                0x00106810       0x40 /opt/devkitpro/libctru/lib/libctru.a(thread.o)
                0x00106810                threadExit
 .text._thread_begin
                0x00106850       0x20 /opt/devkitpro/libctru/lib/libctru.a(thread.o)
 .text.mappableFindAddressWithin
                0x00106870       0x90 /opt/devkitpro/libctru/lib/libctru.a(mappable.o)
 .text.mappableInit
                0x00106900       0x28 /opt/devkitpro/libctru/lib/libctru.a(mappable.o)
                0x00106900                mappableInit
 .text.mappableAlloc
                0x00106928       0x7c /opt/devkitpro/libctru/lib/libctru.a(mappable.o)
                0x00106928                mappableAlloc
 .text.mappableFree
                0x001069a4        0x4 /opt/devkitpro/libctru/lib/libctru.a(mappable.o)
                0x001069a4                mappableFree
 .text.ptmSysmInit
                0x001069a8       0x78 /opt/devkitpro/libctru/lib/libctru.a(ptmsysm.o)
                0x001069a8                ptmSysmInit
 .text.ptmSysmExit
                0x00106a20       0x3c /opt/devkitpro/libctru/lib/libctru.a(ptmsysm.o)
                0x00106a20                ptmSysmExit
 .text.PTMSYSM_ConfigureNew3DSCPU
                0x00106a5c       0x34 /opt/devkitpro/libctru/lib/libctru.a(ptmsysm.o)
                0x00106a5c                PTMSYSM_ConfigureNew3DSCPU
 .text.srvPmGetSessionHandle
                0x00106a90        0xc /opt/devkitpro/libctru/lib/libctru.a(srvpm.o)
                0x00106a90                srvPmGetSessionHandle
 .text.rbtree_find
                0x00106a9c       0x74 /opt/devkitpro/libctru/lib/libctru.a(rbtree_find.o)
                0x00106a9c                rbtree_find
 .text.rbtree_init
                0x00106b10       0x10 /opt/devkitpro/libctru/lib/libctru.a(rbtree_init.o)
                0x00106b10                rbtree_init
 .text.do_insert
                0x00106b20      0x198 /opt/devkitpro/libctru/lib/libctru.a(rbtree_insert.o)
 .text.rbtree_insert
                0x00106cb8        0x8 /opt/devkitpro/libctru/lib/libctru.a(rbtree_insert.o)
                0x00106cb8                rbtree_insert
 .text.rbtree_remove
                0x00106cc0      0x310 /opt/devkitpro/libctru/lib/libctru.a(rbtree_remove.o)
                0x00106cc0                rbtree_remove
 .text.rbtree_rotate
                0x00106fd0       0x90 /opt/devkitpro/libctru/lib/libctru.a(rbtree_rotate.o)
                0x00106fd0                rbtree_rotate
 .text.__system_allocateHeaps
                0x00107060      0x1e8 /opt/devkitpro/libctru/lib/libctru.a(allocateHeaps.o)
                0x00107060                __system_allocateHeaps
 .text.__appExit
                0x00107248       0x30 /opt/devkitpro/libctru/lib/libctru.a(appExit.o)
                0x00107248                __appExit
 .text.__appInit
                0x00107278       0x30 /opt/devkitpro/libctru/lib/libctru.a(appInit.o)
                0x00107278                __appInit
 .text.__libctru_exit
                0x001072a8       0x90 /opt/devkitpro/libctru/lib/libctru.a(ctru_exit.o)
                0x001072a8                __libctru_exit
 .text.error_cmp
                0x00107338       0x24 /opt/devkitpro/libctru/lib/libctru.a(archive_dev.o)
 .text.archive_translate_error
                0x0010735c       0x50 /opt/devkitpro/libctru/lib/libctru.a(archive_dev.o)
 .text.archive_seek
                0x001073ac       0xc0 /opt/devkitpro/libctru/lib/libctru.a(archive_dev.o)
 .text._archiveInit.part.0
                0x0010746c       0x78 /opt/devkitpro/libctru/lib/libctru.a(archive_dev.o)
 .text.archiveFindDevice.part.0
                0x001074e4      0x110 /opt/devkitpro/libctru/lib/libctru.a(archive_dev.o)
 .text.archive_utf16path
                0x001075f4      0x298 /opt/devkitpro/libctru/lib/libctru.a(archive_dev.o)
 .text._archiveUnmountDeviceStruct.part.0
                0x0010788c       0x98 /opt/devkitpro/libctru/lib/libctru.a(archive_dev.o)
 .text._archiveMountDevice
                0x00107924      0x178 /opt/devkitpro/libctru/lib/libctru.a(archive_dev.o)
 .text.archive_diropen
                0x00107a9c       0xf8 /opt/devkitpro/libctru/lib/libctru.a(archive_dev.o)
 .text.archive_fstat
                0x00107b94       0xac /opt/devkitpro/libctru/lib/libctru.a(archive_dev.o)
 .text.archive_fsync
                0x00107c40       0x74 /opt/devkitpro/libctru/lib/libctru.a(archive_dev.o)
 .text.archive_close
                0x00107cb4       0x74 /opt/devkitpro/libctru/lib/libctru.a(archive_dev.o)
 .text.archive_dirclose
                0x00107d28       0x78 /opt/devkitpro/libctru/lib/libctru.a(archive_dev.o)
 .text.sdmc_statvfs
                0x00107da0       0xec /opt/devkitpro/libctru/lib/libctru.a(archive_dev.o)
 .text.archive_chdir
                0x00107e8c       0xf8 /opt/devkitpro/libctru/lib/libctru.a(archive_dev.o)
 .text.archive_ftruncate
                0x00107f84       0x8c /opt/devkitpro/libctru/lib/libctru.a(archive_dev.o)
 .text.archive_read
                0x00108010       0xbc /opt/devkitpro/libctru/lib/libctru.a(archive_dev.o)
 .text.archive_unlink
                0x001080cc       0xa8 /opt/devkitpro/libctru/lib/libctru.a(archive_dev.o)
 .text.archive_rmdir
                0x00108174       0xc0 /opt/devkitpro/libctru/lib/libctru.a(archive_dev.o)
 .text.archive_mkdir
                0x00108234       0xd8 /opt/devkitpro/libctru/lib/libctru.a(archive_dev.o)
 .text.archive_stat
                0x0010830c      0x1a0 /opt/devkitpro/libctru/lib/libctru.a(archive_dev.o)
 .text.archive_dirnext
                0x001084ac      0x164 /opt/devkitpro/libctru/lib/libctru.a(archive_dev.o)
 .text.archive_write
                0x00108610      0x13c /opt/devkitpro/libctru/lib/libctru.a(archive_dev.o)
 *fill*         0x0010874c        0x4 
 .text.archive_open
                0x00108750      0x254 /opt/devkitpro/libctru/lib/libctru.a(archive_dev.o)
 .text.archive_rename
                0x001089a4      0x270 /opt/devkitpro/libctru/lib/libctru.a(archive_dev.o)
 .text.archiveMountSdmc
                0x00108c14      0x1c8 /opt/devkitpro/libctru/lib/libctru.a(archive_dev.o)
                0x00108c14                archiveMountSdmc
 .text.archiveUnmountAll
                0x00108ddc       0x54 /opt/devkitpro/libctru/lib/libctru.a(archive_dev.o)
                0x00108ddc                archiveUnmountAll
 .text.fsInit   0x00108e30      0x104 /opt/devkitpro/libctru/lib/libctru.a(fs.o)
                0x00108e30                fsInit
 .text.fsExit   0x00108f34       0x3c /opt/devkitpro/libctru/lib/libctru.a(fs.o)
                0x00108f34                fsExit
 .text.fsExemptFromSession
                0x00108f70       0x68 /opt/devkitpro/libctru/lib/libctru.a(fs.o)
                0x00108f70                fsExemptFromSession
 .text.fsUnexemptFromSession
                0x00108fd8       0x50 /opt/devkitpro/libctru/lib/libctru.a(fs.o)
                0x00108fd8                fsUnexemptFromSession
 .text.FSUSER_OpenFile
                0x00109028       0xcc /opt/devkitpro/libctru/lib/libctru.a(fs.o)
                0x00109028                FSUSER_OpenFile
 .text.FSUSER_DeleteFile
                0x001090f4       0xb8 /opt/devkitpro/libctru/lib/libctru.a(fs.o)
                0x001090f4                FSUSER_DeleteFile
 .text.FSUSER_RenameFile
                0x001091ac       0xf4 /opt/devkitpro/libctru/lib/libctru.a(fs.o)
                0x001091ac                FSUSER_RenameFile
 .text.FSUSER_DeleteDirectory
                0x001092a0       0xb8 /opt/devkitpro/libctru/lib/libctru.a(fs.o)
                0x001092a0                FSUSER_DeleteDirectory
 .text.FSUSER_CreateFile
                0x00109358       0xd0 /opt/devkitpro/libctru/lib/libctru.a(fs.o)
                0x00109358                FSUSER_CreateFile
 .text.FSUSER_CreateDirectory
                0x00109428       0xc0 /opt/devkitpro/libctru/lib/libctru.a(fs.o)
                0x00109428                FSUSER_CreateDirectory
 .text.FSUSER_RenameDirectory
                0x001094e8       0xf4 /opt/devkitpro/libctru/lib/libctru.a(fs.o)
                0x001094e8                FSUSER_RenameDirectory
 .text.FSUSER_OpenDirectory
                0x001095dc       0xb4 /opt/devkitpro/libctru/lib/libctru.a(fs.o)
                0x001095dc                FSUSER_OpenDirectory
 .text.FSUSER_OpenArchive
                0x00109690       0x90 /opt/devkitpro/libctru/lib/libctru.a(fs.o)
                0x00109690                FSUSER_OpenArchive
 .text.FSUSER_CloseArchive
                0x00109720       0x8c /opt/devkitpro/libctru/lib/libctru.a(fs.o)
                0x00109720                FSUSER_CloseArchive
 .text.FSUSER_GetSdmcArchiveResource
                0x001097ac       0x74 /opt/devkitpro/libctru/lib/libctru.a(fs.o)
                0x001097ac                FSUSER_GetSdmcArchiveResource
 .text.FSUSER_IsSdmcWritable
                0x00109820       0x64 /opt/devkitpro/libctru/lib/libctru.a(fs.o)
                0x00109820                FSUSER_IsSdmcWritable
 .text.FSFILE_Read
                0x00109884       0x64 /opt/devkitpro/libctru/lib/libctru.a(fs.o)
                0x00109884                FSFILE_Read
 .text.FSFILE_Write
                0x001098e8       0x6c /opt/devkitpro/libctru/lib/libctru.a(fs.o)
                0x001098e8                FSFILE_Write
 .text.FSFILE_GetSize
                0x00109954       0x44 /opt/devkitpro/libctru/lib/libctru.a(fs.o)
                0x00109954                FSFILE_GetSize
 .text.FSFILE_SetSize
                0x00109998       0x28 /opt/devkitpro/libctru/lib/libctru.a(fs.o)
                0x00109998                FSFILE_SetSize
 .text.FSFILE_Close
                0x001099c0       0x3c /opt/devkitpro/libctru/lib/libctru.a(fs.o)
                0x001099c0                FSFILE_Close
 .text.FSFILE_Flush
                0x001099fc       0x24 /opt/devkitpro/libctru/lib/libctru.a(fs.o)
                0x001099fc                FSFILE_Flush
 .text.FSDIR_Read
                0x00109a20       0x60 /opt/devkitpro/libctru/lib/libctru.a(fs.o)
                0x00109a20                FSDIR_Read
 .text.FSDIR_Close
                0x00109a80       0x3c /opt/devkitpro/libctru/lib/libctru.a(fs.o)
                0x00109a80                FSDIR_Close
 .text.rbtree_node_next
                0x00109abc       0x60 /opt/devkitpro/libctru/lib/libctru.a(rbtree_iterator.o)
                0x00109abc                rbtree_node_next
 .text.decode_utf8
                0x00109b1c      0x140 /opt/devkitpro/libctru/lib/libctru.a(decode_utf8.o)
                0x00109b1c                decode_utf8
 .text.utf16_to_utf8
                0x00109c5c       0xe8 /opt/devkitpro/libctru/lib/libctru.a(utf16_to_utf8.o)
                0x00109c5c                utf16_to_utf8
 .text.utf8_to_utf16
                0x00109d44       0xc0 /opt/devkitpro/libctru/lib/libctru.a(utf8_to_utf16.o)
                0x00109d44                utf8_to_utf16
 .text.__aeabi_read_tp
                0x00109e04        0xc /opt/devkitpro/libctru/lib/libctru.a(readtp.o)
                0x00109e04                __aeabi_read_tp
 .text.decode_utf16
                0x00109e10       0x54 /opt/devkitpro/libctru/lib/libctru.a(decode_utf16.o)
                0x00109e10                decode_utf16
 .text.encode_utf16
                0x00109e64       0x54 /opt/devkitpro/libctru/lib/libctru.a(encode_utf16.o)
                0x00109e64                encode_utf16
 .text.encode_utf8
                0x00109eb8       0xe0 /opt/devkitpro/libctru/lib/libctru.a(encode_utf8.o)
                0x00109eb8                encode_utf8
 .text.fminf    0x00109f98       0x54 /opt/devkitpro/devkitARM/lib/gcc/arm-none-eabi/15.2.0/../../../../arm-none-eabi/lib/armv6k/fpu/libm.a(libm_a-sf_fmin.o)
                0x00109f98                fminf
 *fill*         0x00109fec        0x4 
 .text.sqrt     0x00109ff0       0x58 /opt/devkitpro/devkitARM/lib/gcc/arm-none-eabi/15.2.0/../../../../arm-none-eabi/lib/armv6k/fpu/libm.a(libm_a-w_sqrt.o)
                0x00109ff0                sqrt
 .text.__ieee754_sqrt
                0x0010a048        0x8 /opt/devkitpro/devkitARM/lib/gcc/arm-none-eabi/15.2.0/../../../../arm-none-eabi/lib/armv6k/fpu/libm.a(libm_a-e_sqrt.o)
                0x0010a048                __ieee754_sqrt
 .text.__fpclassifyf
                0x0010a050       0x5c /opt/devkitpro/devkitARM/lib/gcc/arm-none-eabi/15.2.0/../../../../arm-none-eabi/lib/armv6k/fpu/libm.a(libm_a-sf_fpclassify.o)
                0x0010a050                __fpclassifyf
 .text.__udivmoddi4
                0x0010a0ac      0x130 /opt/devkitpro/devkitARM/lib/gcc/arm-none-eabi/15.2.0/armv6k/fpu/libgcc.a(_udivmoddi4.o)
                0x0010a0ac                __udivmoddi4
 .text.strncat  0x0010a1dc       0xe4 /opt/devkitpro/devkitARM/lib/gcc/arm-none-eabi/15.2.0/../../../../arm-none-eabi/lib/armv6k/fpu/libg.a(libc_a-strncat.o)
                0x0010a1dc                strncat
 .text.srand    0x0010a2c0       0x1c /opt/devkitpro/devkitARM/lib/gcc/arm-none-eabi/15.2.0/../../../../arm-none-eabi/lib/armv6k/fpu/libg.a(libc_a-rand.o)
                0x0010a2c0                srand
 .text.rand     0x0010a2dc       0x44 /opt/devkitpro/devkitARM/lib/gcc/arm-none-eabi/15.2.0/../../../../arm-none-eabi/lib/armv6k/fpu/libg.a(libc_a-rand.o)
                0x0010a2dc                rand
 .text.memcpy   0x0010a320      0x128 /opt/devkitpro/devkitARM/lib/gcc/arm-none-eabi/15.2.0/../../../../arm-none-eabi/lib/armv6k/fpu/libg.a(libc_a-memcpy-stub.o)
                0x0010a320                memcpy
 .text.strlen   0x0010a448       0x8c /opt/devkitpro/devkitARM/lib/gcc/arm-none-eabi/15.2.0/../../../../arm-none-eabi/lib/armv6k/fpu/libg.a(libc_a-strlen.o)
                0x0010a448                strlen
 .text.bsearch  0x0010a4d4       0x78 /opt/devkitpro/devkitARM/lib/gcc/arm-none-eabi/15.2.0/../../../../arm-none-eabi/lib/armv6k/fpu/libg.a(libc_a-bsearch.o)
                0x0010a4d4                bsearch
 .text.memalign
                0x0010a54c       0x28 /opt/devkitpro/devkitARM/lib/gcc/arm-none-eabi/15.2.0/../../../../arm-none-eabi/lib/armv6k/fpu/libg.a(libc_a-malign.o)
                0x0010a54c                memalign
 .text._strtoul_l.isra.0
                0x0010a574      0x1ec /opt/devkitpro/devkitARM/lib/gcc/arm-none-eabi/15.2.0/../../../../arm-none-eabi/lib/armv6k/fpu/libg.a(libc_a-strtoul.o)
 .text.strtoul  0x0010a760       0x3c /opt/devkitpro/devkitARM/lib/gcc/arm-none-eabi/15.2.0/../../../../arm-none-eabi/lib/armv6k/fpu/libg.a(libc_a-strtoul.o)
                0x0010a760                strtoul
 .text._memalign_r
                0x0010a79c      0x16c /opt/devkitpro/devkitARM/lib/gcc/arm-none-eabi/15.2.0/../../../../arm-none-eabi/lib/armv6k/fpu/libg.a(libc_a-malignr.o)
                0x0010a79c                _memalign_r
 .text.__errno  0x0010a908        0xc /opt/devkitpro/devkitARM/lib/gcc/arm-none-eabi/15.2.0/../../../../arm-none-eabi/lib/armv6k/fpu/libg.a(libc_a-errno.o)
                0x0010a908                __errno
 .text.memset   0x0010a914       0xe4 /opt/devkitpro/devkitARM/lib/gcc/arm-none-eabi/15.2.0/../../../../arm-none-eabi/lib/armv6k/fpu/libg.a(libc_a-memset.o)
                0x0010a914                memset
 .text.__sflush_r
                0x0010a9f8      0x22c /opt/devkitpro/devkitARM/lib/gcc/arm-none-eabi/15.2.0/../../../../arm-none-eabi/lib/armv6k/fpu/libg.a(libc_a-fflush.o)
                0x0010a9f8                __sflush_r
 .text._fflush_r
                0x0010ac24       0xc4 /opt/devkitpro/devkitARM/lib/gcc/arm-none-eabi/15.2.0/../../../../arm-none-eabi/lib/armv6k/fpu/libg.a(libc_a-fflush.o)
                0x0010ac24                _fflush_r
 .text._malloc_r
                0x0010ace8      0x82c /opt/devkitpro/devkitARM/lib/gcc/arm-none-eabi/15.2.0/../../../../arm-none-eabi/lib/armv6k/fpu/libg.a(libc_a-mallocr.o)
                0x0010ace8                _malloc_r
 .text._malloc_trim_r
                0x0010b514      0x114 /opt/devkitpro/devkitARM/lib/gcc/arm-none-eabi/15.2.0/../../../../arm-none-eabi/lib/armv6k/fpu/libg.a(libc_a-freer.o)
                0x0010b514                _malloc_trim_r
 .text._free_r  0x0010b628      0x314 /opt/devkitpro/devkitARM/lib/gcc/arm-none-eabi/15.2.0/../../../../arm-none-eabi/lib/armv6k/fpu/libg.a(libc_a-freer.o)
                0x0010b628                _free_r
 .text.stdio_exit_handler
                0x0010b93c       0x1c /opt/devkitpro/devkitARM/lib/gcc/arm-none-eabi/15.2.0/../../../../arm-none-eabi/lib/armv6k/fpu/libg.a(libc_a-findfp.o)
 .text.cleanup_stdio
                0x0010b958       0x5c /opt/devkitpro/devkitARM/lib/gcc/arm-none-eabi/15.2.0/../../../../arm-none-eabi/lib/armv6k/fpu/libg.a(libc_a-findfp.o)
 .text.global_stdio_init.part.0
                0x0010b9b4      0x154 /opt/devkitpro/devkitARM/lib/gcc/arm-none-eabi/15.2.0/../../../../arm-none-eabi/lib/armv6k/fpu/libg.a(libc_a-findfp.o)
 .text.__sinit  0x0010bb08       0x5c /opt/devkitpro/devkitARM/lib/gcc/arm-none-eabi/15.2.0/../../../../arm-none-eabi/lib/armv6k/fpu/libg.a(libc_a-findfp.o)
                0x0010bb08                __sinit
 .text.__sfp_lock_acquire
                0x0010bb64        0xc /opt/devkitpro/devkitARM/lib/gcc/arm-none-eabi/15.2.0/../../../../arm-none-eabi/lib/armv6k/fpu/libg.a(libc_a-findfp.o)
                0x0010bb64                __sfp_lock_acquire
 .text.__sfp_lock_release
                0x0010bb70        0xc /opt/devkitpro/devkitARM/lib/gcc/arm-none-eabi/15.2.0/../../../../arm-none-eabi/lib/armv6k/fpu/libg.a(libc_a-findfp.o)
                0x0010bb70                __sfp_lock_release
 .text.__libc_init_array
                0x0010bb7c       0x84 /opt/devkitpro/devkitARM/lib/gcc/arm-none-eabi/15.2.0/../../../../arm-none-eabi/lib/armv6k/fpu/libg.a(libc_a-init.o)
                0x0010bb7c                __libc_init_array
 .text.strncpy  0x0010bc00       0xd4 /opt/devkitpro/devkitARM/lib/gcc/arm-none-eabi/15.2.0/../../../../arm-none-eabi/lib/armv6k/fpu/libg.a(libc_a-strncpy.o)
                0x0010bc00                strncpy
 .text.malloc   0x0010bcd4       0x40 /opt/devkitpro/devkitARM/lib/gcc/arm-none-eabi/15.2.0/../../../../arm-none-eabi/lib/armv6k/fpu/libg.a(libc_a-malloc.o)
                0x0010bcd4                malloc
 .text.free     0x0010bd14       0x20 /opt/devkitpro/devkitARM/lib/gcc/arm-none-eabi/15.2.0/../../../../arm-none-eabi/lib/armv6k/fpu/libg.a(libc_a-malloc.o)
                0x0010bd14                free
 .text.__sread  0x0010bd34       0x44 /opt/devkitpro/devkitARM/lib/gcc/arm-none-eabi/15.2.0/../../../../arm-none-eabi/lib/armv6k/fpu/libg.a(libc_a-stdio.o)
                0x0010bd34                __sread
 .text.__swrite
                0x0010bd78       0x68 /opt/devkitpro/devkitARM/lib/gcc/arm-none-eabi/15.2.0/../../../../arm-none-eabi/lib/armv6k/fpu/libg.a(libc_a-stdio.o)
                0x0010bd78                __swrite
 .text.__sseek  0x0010bde0       0x40 /opt/devkitpro/devkitARM/lib/gcc/arm-none-eabi/15.2.0/../../../../arm-none-eabi/lib/armv6k/fpu/libg.a(libc_a-stdio.o)
                0x0010bde0                __sseek
 .text.__sclose
                0x0010be20        0x8 /opt/devkitpro/devkitARM/lib/gcc/arm-none-eabi/15.2.0/../../../../arm-none-eabi/lib/armv6k/fpu/libg.a(libc_a-stdio.o)
                0x0010be20                __sclose
 .text.__malloc_lock
                0x0010be28        0xc /opt/devkitpro/devkitARM/lib/gcc/arm-none-eabi/15.2.0/../../../../arm-none-eabi/lib/armv6k/fpu/libg.a(libc_a-mlock.o)
                0x0010be28                __malloc_lock
 .text.__malloc_unlock
                0x0010be34        0xc /opt/devkitpro/devkitARM/lib/gcc/arm-none-eabi/15.2.0/../../../../arm-none-eabi/lib/armv6k/fpu/libg.a(libc_a-mlock.o)
                0x0010be34                __malloc_unlock
 .text._fclose_r
                0x0010be40      0x148 /opt/devkitpro/devkitARM/lib/gcc/arm-none-eabi/15.2.0/../../../../arm-none-eabi/lib/armv6k/fpu/libg.a(libc_a-fclose.o)
                0x0010be40                _fclose_r
 .text.time     0x0010bf88       0x48 /opt/devkitpro/devkitARM/lib/gcc/arm-none-eabi/15.2.0/../../../../arm-none-eabi/lib/armv6k/fpu/libg.a(libc_a-time.o)
                0x0010bf88                time
 .text.__call_exitprocs
                0x0010bfd0        0x4 /opt/devkitpro/devkitARM/lib/gcc/arm-none-eabi/15.2.0/../../../../arm-none-eabi/lib/armv6k/fpu/libg.a(libc_a-exit.o)
                0x0010bfd0                __call_exitprocs
 .text.exit     0x0010bfd4       0x30 /opt/devkitpro/devkitARM/lib/gcc/arm-none-eabi/15.2.0/../../../../arm-none-eabi/lib/armv6k/fpu/libg.a(libc_a-exit.o)
                0x0010bfd4                exit
 .text.__libc_fini_array
                0x0010c004       0x3c /opt/devkitpro/devkitARM/lib/gcc/arm-none-eabi/15.2.0/../../../../arm-none-eabi/lib/armv6k/fpu/libg.a(libc_a-fini.o)
                0x0010c004                __libc_fini_array
 .text.strnlen  0x0010c040       0x3c /opt/devkitpro/devkitARM/lib/gcc/arm-none-eabi/15.2.0/../../../../arm-none-eabi/lib/armv6k/fpu/libg.a(libc_a-strnlen.o)
                0x0010c040                strnlen
 .text.strncmp  0x0010c07c       0xd8 /opt/devkitpro/devkitARM/lib/gcc/arm-none-eabi/15.2.0/../../../../arm-none-eabi/lib/armv6k/fpu/libg.a(libc_a-strncmp.o)
                0x0010c07c                strncmp
 .text.sprintf  0x0010c154       0x68 /opt/devkitpro/devkitARM/lib/gcc/arm-none-eabi/15.2.0/../../../../arm-none-eabi/lib/armv6k/fpu/libg.a(libc_a-sprintf.o)
                0x0010c154                sprintf
 .text._fwalk_sglue
                0x0010c1bc       0x70 /opt/devkitpro/devkitARM/lib/gcc/arm-none-eabi/15.2.0/../../../../arm-none-eabi/lib/armv6k/fpu/libg.a(libc_a-fwalk.o)
                0x0010c1bc                _fwalk_sglue
 .text.get_arg  0x0010c22c      0x5e0 /opt/devkitpro/devkitARM/lib/gcc/arm-none-eabi/15.2.0/../../../../arm-none-eabi/lib/armv6k/fpu/libg.a(libc_a-svfprintf.o)
 *fill*         0x0010c80c        0x4 
 .text._svfprintf_r
                0x0010c810     0x345c /opt/devkitpro/devkitARM/lib/gcc/arm-none-eabi/15.2.0/../../../../arm-none-eabi/lib/armv6k/fpu/libg.a(libc_a-svfprintf.o)
                0x0010c810                _svfprintf_r
 *fill*         0x0010fc6c        0x4 
 .text.frexp    0x0010fc70       0x88 /opt/devkitpro/devkitARM/lib/gcc/arm-none-eabi/15.2.0/../../../../arm-none-eabi/lib/armv6k/fpu/libg.a(libm_a-s_frexp.o)
                0x0010fc70                frexp
 .text._wcrtomb_r
                0x0010fcf8       0xa0 /opt/devkitpro/devkitARM/lib/gcc/arm-none-eabi/15.2.0/../../../../arm-none-eabi/lib/armv6k/fpu/libg.a(libc_a-wcrtomb.o)
                0x0010fcf8                _wcrtomb_r
 .text.__ssprint_r
                0x0010fd98       0xa4 /opt/devkitpro/devkitARM/lib/gcc/arm-none-eabi/15.2.0/../../../../arm-none-eabi/lib/armv6k/fpu/libg.a(libc_a-ssprint_r.o)
                0x0010fd98                __ssprint_r
 .text.__locale_mb_cur_max
                0x0010fe3c       0x24 /opt/devkitpro/devkitARM/lib/gcc/arm-none-eabi/15.2.0/../../../../arm-none-eabi/lib/armv6k/fpu/libg.a(libc_a-locale.o)
                0x0010fe3c                __locale_mb_cur_max
 .text.quorem   0x0010fe60      0x1c0 /opt/devkitpro/devkitARM/lib/gcc/arm-none-eabi/15.2.0/../../../../arm-none-eabi/lib/armv6k/fpu/libg.a(libc_a-dtoa.o)
 .text._dtoa_r  0x00110020     0x1420 /opt/devkitpro/devkitARM/lib/gcc/arm-none-eabi/15.2.0/../../../../arm-none-eabi/lib/armv6k/fpu/libg.a(libc_a-dtoa.o)
                0x00110020                _dtoa_r
 .text.memchr   0x00111440       0xe8 /opt/devkitpro/devkitARM/lib/gcc/arm-none-eabi/15.2.0/../../../../arm-none-eabi/lib/armv6k/fpu/libg.a(libc_a-memchr-stub.o)
                0x00111440                memchr
 .text._wcsrtombs_r
                0x00111528       0x28 /opt/devkitpro/devkitARM/lib/gcc/arm-none-eabi/15.2.0/../../../../arm-none-eabi/lib/armv6k/fpu/libg.a(libc_a-wcsrtombs.o)
                0x00111528                _wcsrtombs_r
 .text._localeconv_r
                0x00111550       0x24 /opt/devkitpro/devkitARM/lib/gcc/arm-none-eabi/15.2.0/../../../../arm-none-eabi/lib/armv6k/fpu/libg.a(libc_a-localeconv.o)
                0x00111550                _localeconv_r
 .text.__ssputs_r
                0x00111574      0x12c /opt/devkitpro/devkitARM/lib/gcc/arm-none-eabi/15.2.0/../../../../arm-none-eabi/lib/armv6k/fpu/libg.a(libc_a-ssputs_r.o)
                0x00111574                __ssputs_r
 .text.__utf8_wctomb
                0x001116a0       0xf8 /opt/devkitpro/devkitARM/lib/gcc/arm-none-eabi/15.2.0/../../../../arm-none-eabi/lib/armv6k/fpu/libg.a(libc_a-wctomb_r.o)
                0x001116a0                __utf8_wctomb
 .text._wcsnrtombs_l
                0x00111798      0x15c /opt/devkitpro/devkitARM/lib/gcc/arm-none-eabi/15.2.0/../../../../arm-none-eabi/lib/armv6k/fpu/libg.a(libc_a-wcsnrtombs.o)
                0x00111798                _wcsnrtombs_l
 .text._wcsnrtombs_r
                0x001118f4       0x64 /opt/devkitpro/devkitARM/lib/gcc/arm-none-eabi/15.2.0/../../../../arm-none-eabi/lib/armv6k/fpu/libg.a(libc_a-wcsnrtombs.o)
                0x001118f4                _wcsnrtombs_r
 .text.__assert_func
                0x00111958       0x5c /opt/devkitpro/devkitARM/lib/gcc/arm-none-eabi/15.2.0/../../../../arm-none-eabi/lib/armv6k/fpu/libg.a(libc_a-assert.o)
                0x00111958                __assert_func
 .text._Balloc  0x001119b4       0x88 /opt/devkitpro/devkitARM/lib/gcc/arm-none-eabi/15.2.0/../../../../arm-none-eabi/lib/armv6k/fpu/libg.a(libc_a-mprec.o)
                0x001119b4                _Balloc
 .text._Bfree   0x00111a3c       0x1c /opt/devkitpro/devkitARM/lib/gcc/arm-none-eabi/15.2.0/../../../../arm-none-eabi/lib/armv6k/fpu/libg.a(libc_a-mprec.o)
                0x00111a3c                _Bfree
 .text.__multadd
                0x00111a58       0xf4 /opt/devkitpro/devkitARM/lib/gcc/arm-none-eabi/15.2.0/../../../../arm-none-eabi/lib/armv6k/fpu/libg.a(libc_a-mprec.o)
                0x00111a58                __multadd
 .text.__hi0bits
                0x00111b4c       0x80 /opt/devkitpro/devkitARM/lib/gcc/arm-none-eabi/15.2.0/../../../../arm-none-eabi/lib/armv6k/fpu/libg.a(libc_a-mprec.o)
                0x00111b4c                __hi0bits
 .text.__lo0bits
                0x00111bcc       0xf0 /opt/devkitpro/devkitARM/lib/gcc/arm-none-eabi/15.2.0/../../../../arm-none-eabi/lib/armv6k/fpu/libg.a(libc_a-mprec.o)
                0x00111bcc                __lo0bits
 .text.__i2b    0x00111cbc       0xa4 /opt/devkitpro/devkitARM/lib/gcc/arm-none-eabi/15.2.0/../../../../arm-none-eabi/lib/armv6k/fpu/libg.a(libc_a-mprec.o)
                0x00111cbc                __i2b
 .text.__multiply
                0x00111d60      0x230 /opt/devkitpro/devkitARM/lib/gcc/arm-none-eabi/15.2.0/../../../../arm-none-eabi/lib/armv6k/fpu/libg.a(libc_a-mprec.o)
                0x00111d60                __multiply
 .text.__pow5mult
                0x00111f90      0x130 /opt/devkitpro/devkitARM/lib/gcc/arm-none-eabi/15.2.0/../../../../arm-none-eabi/lib/armv6k/fpu/libg.a(libc_a-mprec.o)
                0x00111f90                __pow5mult
 .text.__lshift
                0x001120c0      0x138 /opt/devkitpro/devkitARM/lib/gcc/arm-none-eabi/15.2.0/../../../../arm-none-eabi/lib/armv6k/fpu/libg.a(libc_a-mprec.o)
                0x001120c0                __lshift
 .text.__mcmp   0x001121f8       0x58 /opt/devkitpro/devkitARM/lib/gcc/arm-none-eabi/15.2.0/../../../../arm-none-eabi/lib/armv6k/fpu/libg.a(libc_a-mprec.o)
                0x001121f8                __mcmp
 .text.__mdiff  0x00112250      0x218 /opt/devkitpro/devkitARM/lib/gcc/arm-none-eabi/15.2.0/../../../../arm-none-eabi/lib/armv6k/fpu/libg.a(libc_a-mprec.o)
                0x00112250                __mdiff
 .text.__d2b    0x00112468      0x120 /opt/devkitpro/devkitARM/lib/gcc/arm-none-eabi/15.2.0/../../../../arm-none-eabi/lib/armv6k/fpu/libg.a(libc_a-mprec.o)
                0x00112468                __d2b
 .text.__utf8_mbtowc
                0x00112588      0x340 /opt/devkitpro/devkitARM/lib/gcc/arm-none-eabi/15.2.0/../../../../arm-none-eabi/lib/armv6k/fpu/libg.a(libc_a-mbtowc_r.o)
                0x00112588                __utf8_mbtowc
 .text.fiprintf
                0x001128c8       0x3c /opt/devkitpro/devkitARM/lib/gcc/arm-none-eabi/15.2.0/../../../../arm-none-eabi/lib/armv6k/fpu/libg.a(libc_a-fiprintf.o)
                0x001128c8                fiprintf
 .text.strchr   0x00112904      0x140 /opt/devkitpro/devkitARM/lib/gcc/arm-none-eabi/15.2.0/../../../../arm-none-eabi/lib/armv6k/fpu/libg.a(libc_a-strchr.o)
                0x00112904                strchr
 .text.abort    0x00112a44       0x14 /opt/devkitpro/devkitARM/lib/gcc/arm-none-eabi/15.2.0/../../../../arm-none-eabi/lib/armv6k/fpu/libg.a(libc_a-abort.o)
                0x00112a44                abort
 .text._calloc_r
                0x00112a58       0xd8 /opt/devkitpro/devkitARM/lib/gcc/arm-none-eabi/15.2.0/../../../../arm-none-eabi/lib/armv6k/fpu/libg.a(libc_a-callocr.o)
                0x00112a58                _calloc_r
 .text.memmove  0x00112b30      0x1a8 /opt/devkitpro/devkitARM/lib/gcc/arm-none-eabi/15.2.0/../../../../arm-none-eabi/lib/armv6k/fpu/libg.a(libc_a-memmove.o)
                0x00112b30                memmove
 .text._realloc_r
                0x00112cd8      0x4f0 /opt/devkitpro/devkitARM/lib/gcc/arm-none-eabi/15.2.0/../../../../arm-none-eabi/lib/armv6k/fpu/libg.a(libc_a-reallocr.o)
                0x00112cd8                _realloc_r
 .text.get_arg  0x001131c8      0x5e0 /opt/devkitpro/devkitARM/lib/gcc/arm-none-eabi/15.2.0/../../../../arm-none-eabi/lib/armv6k/fpu/libg.a(libc_a-vfiprintf.o)
 .text._vfiprintf_r
                0x001137a8     0x22f8 /opt/devkitpro/devkitARM/lib/gcc/arm-none-eabi/15.2.0/../../../../arm-none-eabi/lib/armv6k/fpu/libg.a(libc_a-vfiprintf.o)
                0x001137a8                _vfiprintf_r
 .text.__sbprintf
                0x00115aa0       0xb4 /opt/devkitpro/devkitARM/lib/gcc/arm-none-eabi/15.2.0/../../../../arm-none-eabi/lib/armv6k/fpu/libg.a(libc_a-vfiprintf.o)
 .text._raise_r
                0x00115b54       0x9c /opt/devkitpro/devkitARM/lib/gcc/arm-none-eabi/15.2.0/../../../../arm-none-eabi/lib/armv6k/fpu/libg.a(libc_a-signal.o)
                0x00115b54                _raise_r
 .text.raise    0x00115bf0       0x20 /opt/devkitpro/devkitARM/lib/gcc/arm-none-eabi/15.2.0/../../../../arm-none-eabi/lib/armv6k/fpu/libg.a(libc_a-signal.o)
                0x00115bf0                raise
 .text.__sprint_r
                0x00115c10       0x30 /opt/devkitpro/devkitARM/lib/gcc/arm-none-eabi/15.2.0/../../../../arm-none-eabi/lib/armv6k/fpu/libg.a(libc_a-sprint_r.o)
                0x00115c10                __sprint_r
 .text.__swsetup_r
                0x00115c40      0x140 /opt/devkitpro/devkitARM/lib/gcc/arm-none-eabi/15.2.0/../../../../arm-none-eabi/lib/armv6k/fpu/libg.a(libc_a-wsetup.o)
                0x00115c40                __swsetup_r
 .text.__sfvwrite_r
                0x00115d80      0x4a4 /opt/devkitpro/devkitARM/lib/gcc/arm-none-eabi/15.2.0/../../../../arm-none-eabi/lib/armv6k/fpu/libg.a(libc_a-fvwrite.o)
                0x00115d80                __sfvwrite_r
 .text.__smakebuf_r
                0x00116224      0x164 /opt/devkitpro/devkitARM/lib/gcc/arm-none-eabi/15.2.0/../../../../arm-none-eabi/lib/armv6k/fpu/libg.a(libc_a-makebuf.o)
                0x00116224                __smakebuf_r
 .text._exit    0x00116388       0x20 /opt/devkitpro/devkitARM/lib/gcc/arm-none-eabi/15.2.0/../../../../arm-none-eabi/lib/armv6k/fpu/libsysbase.a(libsysbase_libsysbase_a-_exit.o)
                0x00116388                _exit
 .text.chdir    0x001163a8      0x140 /opt/devkitpro/devkitARM/lib/gcc/arm-none-eabi/15.2.0/../../../../arm-none-eabi/lib/armv6k/fpu/libsysbase.a(libsysbase_libsysbase_a-chdir.o)
                0x001163a8                chdir
 .text._concatenate_path
                0x001164e8      0x1c8 /opt/devkitpro/devkitARM/lib/gcc/arm-none-eabi/15.2.0/../../../../arm-none-eabi/lib/armv6k/fpu/libsysbase.a(libsysbase_libsysbase_a-concatenate.o)
                0x001164e8                _concatenate_path
 .text._fstat_r
                0x001166b0       0x9c /opt/devkitpro/devkitARM/lib/gcc/arm-none-eabi/15.2.0/../../../../arm-none-eabi/lib/armv6k/fpu/libsysbase.a(libsysbase_libsysbase_a-fstat.o)
                0x001166b0                _fstat_r
 .text._getpid_r
                0x0011674c       0x14 /opt/devkitpro/devkitARM/lib/gcc/arm-none-eabi/15.2.0/../../../../arm-none-eabi/lib/armv6k/fpu/libsysbase.a(libsysbase_libsysbase_a-getpid.o)
                0x0011674c                _getpid_r
 .text.__getreent
                0x00116760       0x2c /opt/devkitpro/devkitARM/lib/gcc/arm-none-eabi/15.2.0/../../../../arm-none-eabi/lib/armv6k/fpu/libsysbase.a(libsysbase_libsysbase_a-getreent.o)
                0x00116760                __getreent
 .text._gettimeofday_r
                0x0011678c       0x30 /opt/devkitpro/devkitARM/lib/gcc/arm-none-eabi/15.2.0/../../../../arm-none-eabi/lib/armv6k/fpu/libsysbase.a(libsysbase_libsysbase_a-gettod.o)
                0x0011678c                _gettimeofday_r
 .text.__get_handle
                0x001167bc       0x58 /opt/devkitpro/devkitARM/lib/gcc/arm-none-eabi/15.2.0/../../../../arm-none-eabi/lib/armv6k/fpu/libsysbase.a(libsysbase_libsysbase_a-handle_manager.o)
                0x001167bc                __get_handle
 .text._close_r
                0x00116814      0x110 /opt/devkitpro/devkitARM/lib/gcc/arm-none-eabi/15.2.0/../../../../arm-none-eabi/lib/armv6k/fpu/libsysbase.a(libsysbase_libsysbase_a-handle_manager.o)
                0x00116814                _close_r
 .text.null_write
                0x00116924        0x8 /opt/devkitpro/devkitARM/lib/gcc/arm-none-eabi/15.2.0/../../../../arm-none-eabi/lib/armv6k/fpu/libsysbase.a(libsysbase_libsysbase_a-iosupport.o)
 .text.setDefaultDevice
                0x0011692c       0x18 /opt/devkitpro/devkitARM/lib/gcc/arm-none-eabi/15.2.0/../../../../arm-none-eabi/lib/armv6k/fpu/libsysbase.a(libsysbase_libsysbase_a-iosupport.o)
                0x0011692c                setDefaultDevice
 .text.FindDevice
                0x00116944       0x98 /opt/devkitpro/devkitARM/lib/gcc/arm-none-eabi/15.2.0/../../../../arm-none-eabi/lib/armv6k/fpu/libsysbase.a(libsysbase_libsysbase_a-iosupport.o)
                0x00116944                FindDevice
 .text.RemoveDevice
                0x001169dc       0x24 /opt/devkitpro/devkitARM/lib/gcc/arm-none-eabi/15.2.0/../../../../arm-none-eabi/lib/armv6k/fpu/libsysbase.a(libsysbase_libsysbase_a-iosupport.o)
                0x001169dc                RemoveDevice
 .text.AddDevice
                0x00116a00       0x88 /opt/devkitpro/devkitARM/lib/gcc/arm-none-eabi/15.2.0/../../../../arm-none-eabi/lib/armv6k/fpu/libsysbase.a(libsysbase_libsysbase_a-iosupport.o)
                0x00116a00                AddDevice
 .text.GetDeviceOpTab
                0x00116a88       0x20 /opt/devkitpro/devkitARM/lib/gcc/arm-none-eabi/15.2.0/../../../../arm-none-eabi/lib/armv6k/fpu/libsysbase.a(libsysbase_libsysbase_a-iosupport.o)
                0x00116a88                GetDeviceOpTab
 .text._isatty_r
                0x00116aa8        0x8 /opt/devkitpro/devkitARM/lib/gcc/arm-none-eabi/15.2.0/../../../../arm-none-eabi/lib/armv6k/fpu/libsysbase.a(libsysbase_libsysbase_a-isatty.o)
                0x00116aa8                _isatty_r
 .text._kill_r  0x00116ab0       0x14 /opt/devkitpro/devkitARM/lib/gcc/arm-none-eabi/15.2.0/../../../../arm-none-eabi/lib/armv6k/fpu/libsysbase.a(libsysbase_libsysbase_a-kill.o)
                0x00116ab0                _kill_r
 .text._lseek_r
                0x00116ac4       0x94 /opt/devkitpro/devkitARM/lib/gcc/arm-none-eabi/15.2.0/../../../../arm-none-eabi/lib/armv6k/fpu/libsysbase.a(libsysbase_libsysbase_a-lseek.o)
                0x00116ac4                _lseek_r
 .text._read_r  0x00116b58       0x94 /opt/devkitpro/devkitARM/lib/gcc/arm-none-eabi/15.2.0/../../../../arm-none-eabi/lib/armv6k/fpu/libsysbase.a(libsysbase_libsysbase_a-read.o)
                0x00116b58                _read_r
 .text._sbrk_r  0x00116bec       0x78 /opt/devkitpro/devkitARM/lib/gcc/arm-none-eabi/15.2.0/../../../../arm-none-eabi/lib/armv6k/fpu/libsysbase.a(libsysbase_libsysbase_a-sbrk.o)
                0x00116bec                _sbrk_r
 .text.__libc_lock_acquire
                0x00116c64       0x1c /opt/devkitpro/devkitARM/lib/gcc/arm-none-eabi/15.2.0/../../../../arm-none-eabi/lib/armv6k/fpu/libsysbase.a(libsysbase_libsysbase_a-syscall_support.o)
                0x00116c64                __libc_lock_acquire
 .text.__libc_lock_release
                0x00116c80       0x1c /opt/devkitpro/devkitARM/lib/gcc/arm-none-eabi/15.2.0/../../../../arm-none-eabi/lib/armv6k/fpu/libsysbase.a(libsysbase_libsysbase_a-syscall_support.o)
                0x00116c80                __libc_lock_release
 .text.__libc_lock_acquire_recursive
                0x00116c9c       0x1c /opt/devkitpro/devkitARM/lib/gcc/arm-none-eabi/15.2.0/../../../../arm-none-eabi/lib/armv6k/fpu/libsysbase.a(libsysbase_libsysbase_a-syscall_support.o)
                0x00116c9c                __libc_lock_acquire_recursive
 .text.__libc_lock_release_recursive
                0x00116cb8       0x1c /opt/devkitpro/devkitARM/lib/gcc/arm-none-eabi/15.2.0/../../../../arm-none-eabi/lib/armv6k/fpu/libsysbase.a(libsysbase_libsysbase_a-syscall_support.o)
                0x00116cb8                __libc_lock_release_recursive
 .text._write_r
                0x00116cd4       0x94 /opt/devkitpro/devkitARM/lib/gcc/arm-none-eabi/15.2.0/../../../../arm-none-eabi/lib/armv6k/fpu/libsysbase.a(libsysbase_libsysbase_a-write.o)
                0x00116cd4                _write_r
 .text.strrchr  0x00116d68       0x48 /opt/devkitpro/devkitARM/lib/gcc/arm-none-eabi/15.2.0/../../../../arm-none-eabi/lib/armv6k/fpu/libg.a(libc_a-strrchr.o)
                0x00116d68                strrchr
 *(.glue_7)
 .glue_7        0x00116db0        0x0 linker stubs
 *(.glue_7t)
 .glue_7t       0x00116db0        0x0 linker stubs
 *(.stub)
 *(.gnu.warning)
 *(.gnu.linkonce.t*)
                0x00116db0                        . = ALIGN (0x4)
 *(.fini)
 .fini          0x00116db0        0xc /opt/devkitpro/devkitARM/lib/gcc/arm-none-eabi/15.2.0/armv6k/fpu/crti.o
                0x00116db0                _fini
 .fini          0x00116dbc        0xc /opt/devkitpro/devkitARM/lib/gcc/arm-none-eabi/15.2.0/armv6k/fpu/crtn.o
                0x00116dc8                        . = ALIGN (0x4)

.vfp11_veneer   0x00116dc8        0x0
 .vfp11_veneer  0x00116dc8        0x0 linker stubs

.v4_bx          0x00116dc8        0x0
 .v4_bx         0x00116dc8        0x0 linker stubs

.iplt           0x00116dc8        0x0
 .iplt          0x00116dc8        0x0 /opt/devkitpro/devkitARM/lib/gcc/arm-none-eabi/15.2.0/../../../../arm-none-eabi/lib/armv6k/fpu/3dsx_crt0.o
                0x00117000                        . = ALIGN (0x1000)

.rodata         0x00117000      0x9e8
 *(.rodata)
 .rodata        0x00117000        0xc /opt/devkitpro/libctru/lib/libctru.a(archive_dev.o)
 *(.roda)
 *(.rodata.*)
 .rodata.str1.4
                0x0011700c      0x231 main.o
                                  0xa (size before relaxing)
 .rodata.aptEventHandler
                0x0011723d        0xb /opt/devkitpro/libctru/lib/libctru.a(apt.o)
 .rodata.aptWaitForWakeUp.isra.0
                0x00117248       0x11 /opt/devkitpro/libctru/lib/libctru.a(apt.o)
 *fill*         0x00117259        0x3 
 .rodata.morton_y.2
                0x0011725c        0x8 /opt/devkitpro/libctru/lib/libctru.a(apt.o)
 .rodata.morton_x.3
                0x00117264        0x8 /opt/devkitpro/libctru/lib/libctru.a(apt.o)
 .rodata.s_sleepWakeEvents.4
                0x0011726c        0x8 /opt/devkitpro/libctru/lib/libctru.a(apt.o)
 .rodata.str1.4
                0x00117274        0x0 /opt/devkitpro/libctru/lib/libctru.a(apt.o)
                                 0x16 (size before relaxing)
 .rodata.serviceNameTable.5
                0x00117274        0xc /opt/devkitpro/libctru/lib/libctru.a(apt.o)
 .rodata.gspInit.str1.4
                0x00117280        0x0 /opt/devkitpro/libctru/lib/libctru.a(gspgpu.o)
                                  0x9 (size before relaxing)
 .rodata.hidInit.str1.4
                0x00117280        0x0 /opt/devkitpro/libctru/lib/libctru.a(hid.o)
                                 0x15 (size before relaxing)
 .rodata.irrstInit.str1.4
                0x00117280        0x0 /opt/devkitpro/libctru/lib/libctru.a(irrst.o)
                                  0x7 (size before relaxing)
 .rodata.__system_initArgv.str1.4
                0x00117280        0x0 /opt/devkitpro/libctru/lib/libctru.a(initArgv.o)
                                  0xa (size before relaxing)
 .rodata.srvInit.str1.4
                0x00117280        0x0 /opt/devkitpro/libctru/lib/libctru.a(srv.o)
                                  0x5 (size before relaxing)
 .rodata.ptmSysmInit.str1.4
                0x00117280        0x0 /opt/devkitpro/libctru/lib/libctru.a(ptmsysm.o)
                                  0x9 (size before relaxing)
 .rodata.archive_utf16path.str1.4
                0x00117280        0x0 /opt/devkitpro/libctru/lib/libctru.a(archive_dev.o)
                                  0x2 (size before relaxing)
 .rodata._archiveUnmountDeviceStruct.part.0.str1.4
                0x00117280        0x0 /opt/devkitpro/libctru/lib/libctru.a(archive_dev.o)
                                  0x2 (size before relaxing)
 .rodata._archiveMountDevice.str1.4
                0x00117280        0x0 /opt/devkitpro/libctru/lib/libctru.a(archive_dev.o)
                                  0xc (size before relaxing)
 .rodata.archiveMountSdmc.str1.4
                0x00117280        0x0 /opt/devkitpro/libctru/lib/libctru.a(archive_dev.o)
                                  0x5 (size before relaxing)
 .rodata.error_table
                0x00117280       0x30 /opt/devkitpro/libctru/lib/libctru.a(archive_dev.o)
 .rodata.str1.4
                0x001172b0        0x0 /opt/devkitpro/libctru/lib/libctru.a(archive_dev.o)
                                  0x8 (size before relaxing)
 .rodata.archive_devoptab
                0x001172b0       0x80 /opt/devkitpro/libctru/lib/libctru.a(archive_dev.o)
 .rodata.fsInit.str1.4
                0x00117330        0x0 /opt/devkitpro/libctru/lib/libctru.a(fs.o)
                                  0x8 (size before relaxing)
 .rodata._ctype_
                0x00117330      0x101 /opt/devkitpro/devkitARM/lib/gcc/arm-none-eabi/15.2.0/../../../../arm-none-eabi/lib/armv6k/fpu/libg.a(libc_a-ctype_.o)
                0x00117330                _ctype_
 *fill*         0x00117431        0x1 
 .rodata.get_arg
                0x00117432       0x34 /opt/devkitpro/devkitARM/lib/gcc/arm-none-eabi/15.2.0/../../../../arm-none-eabi/lib/armv6k/fpu/libg.a(libc_a-svfprintf.o)
 .rodata._svfprintf_r.str1.1
                0x00117466       0x3b /opt/devkitpro/devkitARM/lib/gcc/arm-none-eabi/15.2.0/../../../../arm-none-eabi/lib/armv6k/fpu/libg.a(libc_a-svfprintf.o)
 *fill*         0x001174a1        0x1 
 .rodata._svfprintf_r
                0x001174a2       0xb6 /opt/devkitpro/devkitARM/lib/gcc/arm-none-eabi/15.2.0/../../../../arm-none-eabi/lib/armv6k/fpu/libg.a(libc_a-svfprintf.o)
 .rodata.zeroes.0
                0x00117558       0x10 /opt/devkitpro/devkitARM/lib/gcc/arm-none-eabi/15.2.0/../../../../arm-none-eabi/lib/armv6k/fpu/libg.a(libc_a-svfprintf.o)
 .rodata.blanks.1
                0x00117568       0x10 /opt/devkitpro/devkitARM/lib/gcc/arm-none-eabi/15.2.0/../../../../arm-none-eabi/lib/armv6k/fpu/libg.a(libc_a-svfprintf.o)
 .rodata.__action_table
                0x00117578       0x6c /opt/devkitpro/devkitARM/lib/gcc/arm-none-eabi/15.2.0/../../../../arm-none-eabi/lib/armv6k/fpu/libg.a(libc_a-svfiprintf.o)
                0x00117578                __action_table
 .rodata.__state_table
                0x001175e4       0x6c /opt/devkitpro/devkitARM/lib/gcc/arm-none-eabi/15.2.0/../../../../arm-none-eabi/lib/armv6k/fpu/libg.a(libc_a-svfiprintf.o)
                0x001175e4                __state_table
 .rodata.__chclass
                0x00117650      0x100 /opt/devkitpro/devkitARM/lib/gcc/arm-none-eabi/15.2.0/../../../../arm-none-eabi/lib/armv6k/fpu/libg.a(libc_a-svfiprintf.o)
                0x00117650                __chclass
 .rodata.str1.4
                0x00117750        0x0 /opt/devkitpro/devkitARM/lib/gcc/arm-none-eabi/15.2.0/../../../../arm-none-eabi/lib/armv6k/fpu/libg.a(libc_a-locale.o)
                                 0x4c (size before relaxing)
 .rodata._dtoa_r.str1.4
                0x00117750        0x0 /opt/devkitpro/devkitARM/lib/gcc/arm-none-eabi/15.2.0/../../../../arm-none-eabi/lib/armv6k/fpu/libg.a(libc_a-dtoa.o)
                                 0x9c (size before relaxing)
 .rodata._dtoa_r
                0x00117750        0x8 /opt/devkitpro/devkitARM/lib/gcc/arm-none-eabi/15.2.0/../../../../arm-none-eabi/lib/armv6k/fpu/libg.a(libc_a-dtoa.o)
 .rodata.__assert_func.str1.4
                0x00117758        0x0 /opt/devkitpro/devkitARM/lib/gcc/arm-none-eabi/15.2.0/../../../../arm-none-eabi/lib/armv6k/fpu/libg.a(libc_a-assert.o)
                                 0x43 (size before relaxing)
 .rodata.__multadd.str1.4
                0x00117758        0x0 /opt/devkitpro/devkitARM/lib/gcc/arm-none-eabi/15.2.0/../../../../arm-none-eabi/lib/armv6k/fpu/libg.a(libc_a-mprec.o)
                                 0x89 (size before relaxing)
 .rodata.p05.0  0x00117758        0xc /opt/devkitpro/devkitARM/lib/gcc/arm-none-eabi/15.2.0/../../../../arm-none-eabi/lib/armv6k/fpu/libg.a(libc_a-mprec.o)
 *fill*         0x00117764        0x4 
 .rodata.__mprec_bigtens
                0x00117768       0x28 /opt/devkitpro/devkitARM/lib/gcc/arm-none-eabi/15.2.0/../../../../arm-none-eabi/lib/armv6k/fpu/libg.a(libc_a-mprec.o)
                0x00117768                __mprec_bigtens
 .rodata.__mprec_tens
                0x00117790       0xc8 /opt/devkitpro/devkitARM/lib/gcc/arm-none-eabi/15.2.0/../../../../arm-none-eabi/lib/armv6k/fpu/libg.a(libc_a-mprec.o)
                0x00117790                __mprec_tens
 .rodata.get_arg
                0x00117858       0x34 /opt/devkitpro/devkitARM/lib/gcc/arm-none-eabi/15.2.0/../../../../arm-none-eabi/lib/armv6k/fpu/libg.a(libc_a-vfiprintf.o)
 .rodata._vfiprintf_r.str1.1
                0x0011788c        0x0 /opt/devkitpro/devkitARM/lib/gcc/arm-none-eabi/15.2.0/../../../../arm-none-eabi/lib/armv6k/fpu/libg.a(libc_a-vfiprintf.o)
                                 0x29 (size before relaxing)
 .rodata._vfiprintf_r
                0x0011788c       0xb6 /opt/devkitpro/devkitARM/lib/gcc/arm-none-eabi/15.2.0/../../../../arm-none-eabi/lib/armv6k/fpu/libg.a(libc_a-vfiprintf.o)
 *fill*         0x00117942        0x2 
 .rodata.zeroes.0
                0x00117944       0x10 /opt/devkitpro/devkitARM/lib/gcc/arm-none-eabi/15.2.0/../../../../arm-none-eabi/lib/armv6k/fpu/libg.a(libc_a-vfiprintf.o)
 .rodata.blanks.1
                0x00117954       0x10 /opt/devkitpro/devkitARM/lib/gcc/arm-none-eabi/15.2.0/../../../../arm-none-eabi/lib/armv6k/fpu/libg.a(libc_a-vfiprintf.o)
 .rodata.str1.4
                0x00117964        0x0 /opt/devkitpro/devkitARM/lib/gcc/arm-none-eabi/15.2.0/../../../../arm-none-eabi/lib/armv6k/fpu/libsysbase.a(libsysbase_libsysbase_a-iosupport.o)
                                  0x8 (size before relaxing)
 .rodata.dotab_stdnull
                0x00117964       0x80 /opt/devkitpro/devkitARM/lib/gcc/arm-none-eabi/15.2.0/../../../../arm-none-eabi/lib/armv6k/fpu/libsysbase.a(libsysbase_libsysbase_a-iosupport.o)
                0x00117964                dotab_stdnull
 *all.rodata*(*)
 *(.gnu.linkonce.r*)
                0x001179e4                        . = ALIGN (0x4)
                0x001179e4                        __tdata_align = .
                0x001179e4        0x4 LONG 0x4 ALIGNOF (.tdata)
                0x001179e8                        . = ALIGN (0x4)

.eh_frame       0x001179e8        0x0
 .eh_frame      0x001179e8        0x0 /opt/devkitpro/devkitARM/lib/gcc/arm-none-eabi/15.2.0/armv6k/fpu/crtbegin.o

.rel.dyn        0x001179e8        0x0
 .rel.iplt      0x001179e8        0x0 /opt/devkitpro/devkitARM/lib/gcc/arm-none-eabi/15.2.0/../../../../arm-none-eabi/lib/armv6k/fpu/3dsx_crt0.o
 .rel.got       0x001179e8        0x0 /opt/devkitpro/devkitARM/lib/gcc/arm-none-eabi/15.2.0/../../../../arm-none-eabi/lib/armv6k/fpu/3dsx_crt0.o

.ARM.extab
 *(.ARM.extab* .gnu.linkonce.armextab.*)
                0x001179e8                        __exidx_start = .

.ARM.exidx
 *(.ARM.exidx* .gnu.linkonce.armexidx.*)
                0x001179e8                        __exidx_end = .
                0x00118000                        . = ALIGN (0x1000)

.data           0x00118000    0x32564
 *(.data)
 .data          0x00118000    0x30024 data.o
                0x00118000                horse
                0x0011f530                title
                0x00147598                apple
 *fill*         0x00148024        0x4 
 .data          0x00148028      0x800 font.o
                0x00148028                charset
 *(.data.*)
 .data.aptChainloadDeliverArgSize
                0x00148828        0x4 /opt/devkitpro/libctru/lib/libctru.a(apt.o)
 .data.kCount   0x0014882c        0x4 /opt/devkitpro/libctru/lib/libctru.a(hid.o)
 .data.kInterval
                0x00148830        0x4 /opt/devkitpro/libctru/lib/libctru.a(hid.o)
 .data.kDelay   0x00148834        0x4 /opt/devkitpro/libctru/lib/libctru.a(hid.o)
 .data.__stacksize__
                0x00148838        0x4 /opt/devkitpro/libctru/lib/libctru.a(stack_adjust.o)
                0x00148838                __stacksize__
 .data._impure_ptr
                0x0014883c        0x4 /opt/devkitpro/devkitARM/lib/gcc/arm-none-eabi/15.2.0/../../../../arm-none-eabi/lib/armv6k/fpu/libg.a(libc_a-impure.o)
                0x0014883c                _impure_ptr
 .data._impure_data
                0x00148840      0x200 /opt/devkitpro/devkitARM/lib/gcc/arm-none-eabi/15.2.0/../../../../arm-none-eabi/lib/armv6k/fpu/libg.a(libc_a-impure.o)
                0x00148840                _impure_data
 .data.__malloc_sbrk_base
                0x00148a40        0x4 /opt/devkitpro/devkitARM/lib/gcc/arm-none-eabi/15.2.0/../../../../arm-none-eabi/lib/armv6k/fpu/libg.a(libc_a-mallocr.o)
                0x00148a40                __malloc_sbrk_base
 .data.__malloc_trim_threshold
                0x00148a44        0x4 /opt/devkitpro/devkitARM/lib/gcc/arm-none-eabi/15.2.0/../../../../arm-none-eabi/lib/armv6k/fpu/libg.a(libc_a-mallocr.o)
                0x00148a44                __malloc_trim_threshold
 .data.__malloc_av_
                0x00148a48      0x408 /opt/devkitpro/devkitARM/lib/gcc/arm-none-eabi/15.2.0/../../../../arm-none-eabi/lib/armv6k/fpu/libg.a(libc_a-mallocr.o)
                0x00148a48                __malloc_av_
 .data.__sglue  0x00148e50        0xc /opt/devkitpro/devkitARM/lib/gcc/arm-none-eabi/15.2.0/../../../../arm-none-eabi/lib/armv6k/fpu/libg.a(libc_a-findfp.o)
                0x00148e50                __sglue
 .data.__global_locale
                0x00148e5c      0x254 /opt/devkitpro/devkitARM/lib/gcc/arm-none-eabi/15.2.0/../../../../arm-none-eabi/lib/armv6k/fpu/libg.a(libc_a-locale.o)
                0x00148e5c                __global_locale
 .data._current_working_directory
                0x001490b0      0x400 /opt/devkitpro/devkitARM/lib/gcc/arm-none-eabi/15.2.0/../../../../arm-none-eabi/lib/armv6k/fpu/libsysbase.a(libsysbase_libsysbase_a-chdir.o)
 .data.handles  0x001494b0     0x1000 /opt/devkitpro/devkitARM/lib/gcc/arm-none-eabi/15.2.0/../../../../arm-none-eabi/lib/armv6k/fpu/libsysbase.a(libsysbase_libsysbase_a-handle_manager.o)
 .data.__stderr_handle
                0x0014a4b0        0xc /opt/devkitpro/devkitARM/lib/gcc/arm-none-eabi/15.2.0/../../../../arm-none-eabi/lib/armv6k/fpu/libsysbase.a(libsysbase_libsysbase_a-handle_manager.o)
 .data.__stdout_handle
                0x0014a4bc        0xc /opt/devkitpro/devkitARM/lib/gcc/arm-none-eabi/15.2.0/../../../../arm-none-eabi/lib/armv6k/fpu/libsysbase.a(libsysbase_libsysbase_a-handle_manager.o)
 .data.__stdin_handle
                0x0014a4c8        0xc /opt/devkitpro/devkitARM/lib/gcc/arm-none-eabi/15.2.0/../../../../arm-none-eabi/lib/armv6k/fpu/libsysbase.a(libsysbase_libsysbase_a-handle_manager.o)
 .data.devoptab_list
                0x0014a4d4       0x8c /opt/devkitpro/devkitARM/lib/gcc/arm-none-eabi/15.2.0/../../../../arm-none-eabi/lib/armv6k/fpu/libsysbase.a(libsysbase_libsysbase_a-iosupport.o)
                0x0014a4d4                devoptab_list
 .data.defaultDevice
                0x0014a560        0x4 /opt/devkitpro/devkitARM/lib/gcc/arm-none-eabi/15.2.0/../../../../arm-none-eabi/lib/armv6k/fpu/libsysbase.a(libsysbase_libsysbase_a-iosupport.o)
 *(.gnu.linkonce.d*)
                0x0014a564                        . = ALIGN (0x4)

.igot.plt       0x0014a564        0x0
 .igot.plt      0x0014a564        0x0 /opt/devkitpro/devkitARM/lib/gcc/arm-none-eabi/15.2.0/../../../../arm-none-eabi/lib/armv6k/fpu/3dsx_crt0.o

.got            0x0014a564        0x8
 .got           0x0014a564        0x8 /opt/devkitpro/devkitARM/lib/gcc/arm-none-eabi/15.2.0/../../../../arm-none-eabi/lib/armv6k/fpu/3dsx_crt0.o

.got.plt        0x0014a56c        0xc
 .got.plt       0x0014a56c        0xc /opt/devkitpro/devkitARM/lib/gcc/arm-none-eabi/15.2.0/../../../../arm-none-eabi/lib/armv6k/fpu/3dsx_crt0.o
                0x0014a56c                _GLOBAL_OFFSET_TABLE_

.tdata          0x0014a578        0x0
                0x0014a578                        __tdata_lma = .
 *(.tdata)
 *(.tdata.*)
 *(.gnu.linkonce.td.*)
                0x0014a578                        . = ALIGN (0x4)
                0x0014a578                        __tdata_lma_end = .

.tbss           0x0014a578      0xc08
 *(.tbss)
 *(.tbss.*)
 .tbss.__ctru_dev_utf16_buf
                0x0014a578      0x802 /opt/devkitpro/libctru/lib/libctru.a(path_buf.o)
                0x0014a578                __ctru_dev_utf16_buf
 *fill*         0x0014ad7a        0x2 
 .tbss.__ctru_dev_path_buf
                0x0014ad7c      0x401 /opt/devkitpro/libctru/lib/libctru.a(path_buf.o)
                0x0014ad7c                __ctru_dev_path_buf
 *(.gnu.linkonce.tb.*)
 *(.tcommon)
                0x0014b180                        . = ALIGN (0x4)
 *fill*         0x0014b17d        0x3 

.preinit_array  0x0014a578        0x0
                0x0014a578                        PROVIDE (__preinit_array_start = .)
 *(.preinit_array)
                0x0014a578                        PROVIDE (__preinit_array_end = .)

.init_array     0x0014a578        0x4
                0x0014a578                        PROVIDE (__init_array_start = .)
 *(SORT_BY_NAME(.init_array.*))
 *(.init_array)
 .init_array    0x0014a578        0x4 /opt/devkitpro/devkitARM/lib/gcc/arm-none-eabi/15.2.0/armv6k/fpu/crtbegin.o
                0x0014a57c                        PROVIDE (__init_array_end = .)

.fini_array     0x0014a57c        0x4
                0x0014a57c                        PROVIDE (__fini_array_start = .)
 *(.fini_array)
 .fini_array    0x0014a57c        0x4 /opt/devkitpro/devkitARM/lib/gcc/arm-none-eabi/15.2.0/armv6k/fpu/crtbegin.o
 *(SORT_BY_NAME(.fini_array.*))
                0x0014a580                        PROVIDE (__fini_array_end = .)

.ctors
 *crtbegin.o(.ctors)
 *(EXCLUDE_FILE(*crtend.o) .ctors)
 *(SORT_BY_NAME(.ctors.*))
 *(.ctors)

.dtors
 *crtbegin.o(.dtors)
 *(EXCLUDE_FILE(*crtend.o) .dtors)
 *(SORT_BY_NAME(.dtors.*))
 *(.dtors)
                0x0014a580                        __bss_start__ = .

.bss            0x0014a580     0x2d78
 *(.dynbss)
 *(.bss)
 *(.bss.*)
 .bss.completed.1
                0x0014a580        0x1 /opt/devkitpro/devkitARM/lib/gcc/arm-none-eabi/15.2.0/armv6k/fpu/crtbegin.o
 *fill*         0x0014a581        0x3 
 .bss.object.0  0x0014a584       0x18 /opt/devkitpro/devkitARM/lib/gcc/arm-none-eabi/15.2.0/armv6k/fpu/crtbegin.o
 .bss.screenAlloc
                0x0014a59c        0x4 /opt/devkitpro/libctru/lib/libctru.a(gfx.o)
 .bss.screenFree
                0x0014a5a0        0x4 /opt/devkitpro/libctru/lib/libctru.a(gfx.o)
 .bss.gfxIsDoubleBuf
                0x0014a5a4        0x2 /opt/devkitpro/libctru/lib/libctru.a(gfx.o)
 *fill*         0x0014a5a6        0x2 
 .bss.gfxCurBuf
                0x0014a5a8        0x2 /opt/devkitpro/libctru/lib/libctru.a(gfx.o)
 .bss.gfxIsVram
                0x0014a5aa        0x1 /opt/devkitpro/libctru/lib/libctru.a(gfx.o)
 .bss.gfxTopMode
                0x0014a5ab        0x1 /opt/devkitpro/libctru/lib/libctru.a(gfx.o)
 .bss.gfxFramebufferFormats
                0x0014a5ac        0x2 /opt/devkitpro/libctru/lib/libctru.a(gfx.o)
 *fill*         0x0014a5ae        0x2 
 .bss.gfxBottomFramebufferMaxSize
                0x0014a5b0        0x4 /opt/devkitpro/libctru/lib/libctru.a(gfx.o)
 .bss.gfxTopFramebufferMaxSize
                0x0014a5b4        0x4 /opt/devkitpro/libctru/lib/libctru.a(gfx.o)
 .bss.gfxBottomFramebuffers
                0x0014a5b8        0x8 /opt/devkitpro/libctru/lib/libctru.a(gfx.o)
 .bss.gfxTopFramebuffers
                0x0014a5c0        0x8 /opt/devkitpro/libctru/lib/libctru.a(gfx.o)
 .bss.flagValue.0
                0x0014a5c8        0x1 /opt/devkitpro/libctru/lib/libctru.a(apt.o)
 .bss.flagInit.1
                0x0014a5c9        0x1 /opt/devkitpro/libctru/lib/libctru.a(apt.o)
 *fill*         0x0014a5ca        0x2 
 .bss.serviceName.6
                0x0014a5cc        0x4 /opt/devkitpro/libctru/lib/libctru.a(apt.o)
 .bss.aptChainloadFlags
                0x0014a5d0        0x1 /opt/devkitpro/libctru/lib/libctru.a(apt.o)
 .bss.aptChainloadMediatype
                0x0014a5d1        0x1 /opt/devkitpro/libctru/lib/libctru.a(apt.o)
 *fill*         0x0014a5d2        0x2 
 .bss.aptChainloadHmac
                0x0014a5d4       0x20 /opt/devkitpro/libctru/lib/libctru.a(apt.o)
 .bss.aptChainloadDeliverArg
                0x0014a5f4      0x300 /opt/devkitpro/libctru/lib/libctru.a(apt.o)
 *fill*         0x0014a8f4        0x4 
 .bss.aptChainloadTid
                0x0014a8f8        0x8 /opt/devkitpro/libctru/lib/libctru.a(apt.o)
 .bss.aptParameters
                0x0014a900     0x1000 /opt/devkitpro/libctru/lib/libctru.a(apt.o)
 .bss.aptFlags  0x0014b900        0x4 /opt/devkitpro/libctru/lib/libctru.a(apt.o)
 .bss.aptHomeButtonState
                0x0014b904        0x1 /opt/devkitpro/libctru/lib/libctru.a(apt.o)
 *fill*         0x0014b905        0x3 
 .bss.aptMessageFuncData
                0x0014b908        0x4 /opt/devkitpro/libctru/lib/libctru.a(apt.o)
 .bss.aptMessageFunc
                0x0014b90c        0x4 /opt/devkitpro/libctru/lib/libctru.a(apt.o)
 .bss.aptFirstHook
                0x0014b910        0xc /opt/devkitpro/libctru/lib/libctru.a(apt.o)
 .bss.aptEventHandlerThreadQuit
                0x0014b91c        0x1 /opt/devkitpro/libctru/lib/libctru.a(apt.o)
 *fill*         0x0014b91d        0x3 
 .bss.aptEventHandlerThread
                0x0014b920        0x4 /opt/devkitpro/libctru/lib/libctru.a(apt.o)
 .bss.aptSleepEvent
                0x0014b924        0x8 /opt/devkitpro/libctru/lib/libctru.a(apt.o)
 .bss.aptReceiveEvent
                0x0014b92c        0x8 /opt/devkitpro/libctru/lib/libctru.a(apt.o)
 .bss.aptEvents
                0x0014b934        0x8 /opt/devkitpro/libctru/lib/libctru.a(apt.o)
 .bss.aptLockHandle
                0x0014b93c        0x4 /opt/devkitpro/libctru/lib/libctru.a(apt.o)
 .bss.aptRefCount
                0x0014b940        0x4 /opt/devkitpro/libctru/lib/libctru.a(apt.o)
 .bss.gspEventCbOneShot
                0x0014b944        0x7 /opt/devkitpro/libctru/lib/libctru.a(gspgpu.o)
 *fill*         0x0014b94b        0x1 
 .bss.gspEventCbData
                0x0014b94c       0x1c /opt/devkitpro/libctru/lib/libctru.a(gspgpu.o)
 .bss.gspEventCb
                0x0014b968       0x1c /opt/devkitpro/libctru/lib/libctru.a(gspgpu.o)
 .bss.gspEvents
                0x0014b984       0x38 /opt/devkitpro/libctru/lib/libctru.a(gspgpu.o)
 .bss.gspLastEvent
                0x0014b9bc        0x4 /opt/devkitpro/libctru/lib/libctru.a(gspgpu.o)
 .bss.gspRunEvents
                0x0014b9c0        0x1 /opt/devkitpro/libctru/lib/libctru.a(gspgpu.o)
 *fill*         0x0014b9c1        0x3 
 .bss.gspEventThread
                0x0014b9c4        0x4 /opt/devkitpro/libctru/lib/libctru.a(gspgpu.o)
 .bss.gspEvent  0x0014b9c8        0x4 /opt/devkitpro/libctru/lib/libctru.a(gspgpu.o)
 .bss.gspGpuRight
                0x0014b9cc        0x1 /opt/devkitpro/libctru/lib/libctru.a(gspgpu.o)
 .bss.gspThreadId
                0x0014b9cd        0x1 /opt/devkitpro/libctru/lib/libctru.a(gspgpu.o)
 *fill*         0x0014b9ce        0x2 
 .bss.gspSharedMem
                0x0014b9d0        0x4 /opt/devkitpro/libctru/lib/libctru.a(gspgpu.o)
 .bss.gspSharedMemHandle
                0x0014b9d4        0x4 /opt/devkitpro/libctru/lib/libctru.a(gspgpu.o)
 .bss.gspRefCount
                0x0014b9d8        0x4 /opt/devkitpro/libctru/lib/libctru.a(gspgpu.o)
 .bss.gspGpuHandle
                0x0014b9dc        0x4 /opt/devkitpro/libctru/lib/libctru.a(gspgpu.o)
 .bss.usingIrrst
                0x0014b9e0        0x1 /opt/devkitpro/libctru/lib/libctru.a(hid.o)
 *fill*         0x0014b9e1        0x3 
 .bss.hidRefCount
                0x0014b9e4        0x4 /opt/devkitpro/libctru/lib/libctru.a(hid.o)
 .bss.gRate     0x0014b9e8        0x6 /opt/devkitpro/libctru/lib/libctru.a(hid.o)
 *fill*         0x0014b9ee        0x2 
 .bss.aVec      0x0014b9f0        0x6 /opt/devkitpro/libctru/lib/libctru.a(hid.o)
 *fill*         0x0014b9f6        0x2 
 .bss.cPos      0x0014b9f8        0x4 /opt/devkitpro/libctru/lib/libctru.a(hid.o)
 .bss.tPos      0x0014b9fc        0x4 /opt/devkitpro/libctru/lib/libctru.a(hid.o)
 .bss.kRepeat   0x0014ba00        0x4 /opt/devkitpro/libctru/lib/libctru.a(hid.o)
 .bss.kUp       0x0014ba04        0x4 /opt/devkitpro/libctru/lib/libctru.a(hid.o)
 .bss.kDown     0x0014ba08        0x4 /opt/devkitpro/libctru/lib/libctru.a(hid.o)
 .bss.kHeld     0x0014ba0c        0x4 /opt/devkitpro/libctru/lib/libctru.a(hid.o)
 .bss.kOld      0x0014ba10        0x4 /opt/devkitpro/libctru/lib/libctru.a(hid.o)
 .bss.hidSharedMem
                0x0014ba14        0x4 /opt/devkitpro/libctru/lib/libctru.a(hid.o)
                0x0014ba14                hidSharedMem
 .bss.hidEvents
                0x0014ba18       0x14 /opt/devkitpro/libctru/lib/libctru.a(hid.o)
                0x0014ba18                hidEvents
 .bss.hidMemHandle
                0x0014ba2c        0x4 /opt/devkitpro/libctru/lib/libctru.a(hid.o)
                0x0014ba2c                hidMemHandle
 .bss.hidHandle
                0x0014ba30        0x4 /opt/devkitpro/libctru/lib/libctru.a(hid.o)
                0x0014ba30                hidHandle
 .bss.irrstRefCount
                0x0014ba34        0x4 /opt/devkitpro/libctru/lib/libctru.a(irrst.o)
 .bss.csPos     0x0014ba38        0x4 /opt/devkitpro/libctru/lib/libctru.a(irrst.o)
 .bss.kHeld     0x0014ba3c        0x4 /opt/devkitpro/libctru/lib/libctru.a(irrst.o)
 .bss.irrstSharedMem
                0x0014ba40        0x4 /opt/devkitpro/libctru/lib/libctru.a(irrst.o)
                0x0014ba40                irrstSharedMem
 .bss.irrstEvent
                0x0014ba44        0x4 /opt/devkitpro/libctru/lib/libctru.a(irrst.o)
                0x0014ba44                irrstEvent
 .bss.irrstMemHandle
                0x0014ba48        0x4 /opt/devkitpro/libctru/lib/libctru.a(irrst.o)
                0x0014ba48                irrstMemHandle
 .bss.irrstHandle
                0x0014ba4c        0x4 /opt/devkitpro/libctru/lib/libctru.a(irrst.o)
                0x0014ba4c                irrstHandle
 .bss.__system_retAddr
                0x0014ba50        0x4 /opt/devkitpro/libctru/lib/libctru.a(ctru_init.o)
                0x0014ba50                __system_retAddr
 .bss.__system_argv
                0x0014ba54        0x4 /opt/devkitpro/libctru/lib/libctru.a(initArgv.o)
                0x0014ba54                __system_argv
 .bss.__system_argc
                0x0014ba58        0x4 /opt/devkitpro/libctru/lib/libctru.a(initArgv.o)
                0x0014ba58                __system_argc
 .bss.saved_stack.42
                0x0014ba5c        0x8 /opt/devkitpro/libctru/lib/libctru.a(stack_adjust.o)
 *fill*         0x0014ba64        0x4 
 .bss._ZL11sLinearPool
                0x0014ba68        0x8 /opt/devkitpro/libctru/lib/libctru.a(linear.o)
 .bss._ZL8sAddrMap
                0x0014ba70        0xc /opt/devkitpro/libctru/lib/libctru.a(linear.o)
 *fill*         0x0014ba7c        0x4 
 .bss._ZL10sVramPoolB
                0x0014ba80        0x8 /opt/devkitpro/libctru/lib/libctru.a(vram.o)
 .bss._ZL10sVramPoolA
                0x0014ba88        0x8 /opt/devkitpro/libctru/lib/libctru.a(vram.o)
 .bss._ZL8sAddrMap
                0x0014ba90        0xc /opt/devkitpro/libctru/lib/libctru.a(vram.o)
 .bss.__3dslink_host
                0x0014ba9c        0x4 /opt/devkitpro/libctru/lib/libctru.a(3dslink.o)
                0x0014ba9c                __3dslink_host
 .bss.__ctru_speedup
                0x0014baa0        0x1 /opt/devkitpro/libctru/lib/libctru.a(os.o)
                0x0014baa0                __ctru_speedup
 *fill*         0x0014baa1        0x3 
 .bss.srvRefCount
                0x0014baa4        0x4 /opt/devkitpro/libctru/lib/libctru.a(srv.o)
 .bss.srvHandle
                0x0014baa8        0x4 /opt/devkitpro/libctru/lib/libctru.a(srv.o)
 .bss.arbiter   0x0014baac        0x4 /opt/devkitpro/libctru/lib/libctru.a(synchronization.o)
 .bss.currentAddr
                0x0014bab0        0x4 /opt/devkitpro/libctru/lib/libctru.a(mappable.o)
 .bss.maxAddr   0x0014bab4        0x4 /opt/devkitpro/libctru/lib/libctru.a(mappable.o)
 .bss.minAddr   0x0014bab8        0x4 /opt/devkitpro/libctru/lib/libctru.a(mappable.o)
 .bss.ptmSysmRefCount
                0x0014babc        0x4 /opt/devkitpro/libctru/lib/libctru.a(ptmsysm.o)
 .bss.ptmSysmHandle
                0x0014bac0        0x4 /opt/devkitpro/libctru/lib/libctru.a(ptmsysm.o)
 .bss.srvPmHandle
                0x0014bac4        0x4 /opt/devkitpro/libctru/lib/libctru.a(srvpm.o)
 .bss.__ctru_linear_heap_size
                0x0014bac8        0x4 /opt/devkitpro/libctru/lib/libctru.a(allocateHeaps.o)
                0x0014bac8                __ctru_linear_heap_size
 .bss.__ctru_heap_size
                0x0014bacc        0x4 /opt/devkitpro/libctru/lib/libctru.a(allocateHeaps.o)
                0x0014bacc                __ctru_heap_size
 .bss.__ctru_linear_heap
                0x0014bad0        0x4 /opt/devkitpro/libctru/lib/libctru.a(allocateHeaps.o)
                0x0014bad0                __ctru_linear_heap
 .bss.__ctru_heap
                0x0014bad4        0x4 /opt/devkitpro/libctru/lib/libctru.a(allocateHeaps.o)
                0x0014bad4                __ctru_heap
 .bss.archive_devices
                0x0014bad8      0x5c0 /opt/devkitpro/libctru/lib/libctru.a(archive_dev.o)
 .bss.archive_device_cwd
                0x0014c098        0x4 /opt/devkitpro/libctru/lib/libctru.a(archive_dev.o)
 .bss.archive_initialized
                0x0014c09c        0x1 /opt/devkitpro/libctru/lib/libctru.a(archive_dev.o)
 *fill*         0x0014c09d        0x3 
 .bss.fsExemptArchives
                0x0014c0a0       0x80 /opt/devkitpro/libctru/lib/libctru.a(fs.o)
 .bss.fsuRefCount
                0x0014c120        0x4 /opt/devkitpro/libctru/lib/libctru.a(fs.o)
 .bss.fsuHandle
                0x0014c124        0x4 /opt/devkitpro/libctru/lib/libctru.a(fs.o)
 .bss.__malloc_current_mallinfo
                0x0014c128       0x28 /opt/devkitpro/devkitARM/lib/gcc/arm-none-eabi/15.2.0/../../../../arm-none-eabi/lib/armv6k/fpu/libg.a(libc_a-mallocr.o)
                0x0014c128                __malloc_current_mallinfo
 .bss.__malloc_max_total_mem
                0x0014c150        0x4 /opt/devkitpro/devkitARM/lib/gcc/arm-none-eabi/15.2.0/../../../../arm-none-eabi/lib/armv6k/fpu/libg.a(libc_a-mallocr.o)
                0x0014c150                __malloc_max_total_mem
 .bss.__malloc_max_sbrked_mem
                0x0014c154        0x4 /opt/devkitpro/devkitARM/lib/gcc/arm-none-eabi/15.2.0/../../../../arm-none-eabi/lib/armv6k/fpu/libg.a(libc_a-mallocr.o)
                0x0014c154                __malloc_max_sbrked_mem
 .bss.__malloc_top_pad
                0x0014c158        0x4 /opt/devkitpro/devkitARM/lib/gcc/arm-none-eabi/15.2.0/../../../../arm-none-eabi/lib/armv6k/fpu/libg.a(libc_a-mallocr.o)
                0x0014c158                __malloc_top_pad
 .bss.__sfp_recursive_mutex
                0x0014c15c        0xc /opt/devkitpro/devkitARM/lib/gcc/arm-none-eabi/15.2.0/../../../../arm-none-eabi/lib/armv6k/fpu/libg.a(libc_a-findfp.o)
 .bss.__sf      0x0014c168      0x168 /opt/devkitpro/devkitARM/lib/gcc/arm-none-eabi/15.2.0/../../../../arm-none-eabi/lib/armv6k/fpu/libg.a(libc_a-findfp.o)
                0x0014c168                __sf
 .bss.__stdio_exit_handler
                0x0014c2d0        0x4 /opt/devkitpro/devkitARM/lib/gcc/arm-none-eabi/15.2.0/../../../../arm-none-eabi/lib/armv6k/fpu/libg.a(libc_a-findfp.o)
                0x0014c2d0                __stdio_exit_handler
 .bss.__malloc_recursive_mutex
                0x0014c2d4        0xc /opt/devkitpro/devkitARM/lib/gcc/arm-none-eabi/15.2.0/../../../../arm-none-eabi/lib/armv6k/fpu/libg.a(libc_a-mlock.o)
 .bss.temp_cwd  0x0014c2e0      0x400 /opt/devkitpro/devkitARM/lib/gcc/arm-none-eabi/15.2.0/../../../../arm-none-eabi/lib/armv6k/fpu/libsysbase.a(libsysbase_libsysbase_a-chdir.o)
 .bss.__hndl_lock